Archive member included to satisfy reference by file (symbol)

c:/program files (x86)/atmel/studio/7.0/toolchain/avr8/avr8-gnu-toolchain/bin/../lib/gcc/avr/5.4.0/avr5\libgcc.a(_exit.o)
                              C:/Program Files (x86)/Atmel/Studio/7.0/Packs/atmel/ATmega_DFP/1.2.209/gcc/dev/atmega162/avr5/crtatmega162.o (exit)
c:/program files (x86)/atmel/studio/7.0/toolchain/avr8/avr8-gnu-toolchain/bin/../lib/gcc/avr/5.4.0/avr5\libgcc.a(_copy_data.o)
                              Analog/Joystick.o (__do_copy_data)
c:/program files (x86)/atmel/studio/7.0/toolchain/avr8/avr8-gnu-toolchain/bin/../lib/gcc/avr/5.4.0/avr5\libgcc.a(_clear_bss.o)
                              Analog/ADC.o (__do_clear_bss)
c:/program files (x86)/atmel/studio/7.0/toolchain/avr8/avr8-gnu-toolchain/bin/../lib/gcc/avr/5.4.0/../../../../avr/lib/avr5\libc.a(malloc.o)
                              Menu/OLED_menu.o (malloc)
c:/program files (x86)/atmel/studio/7.0/toolchain/avr8/avr8-gnu-toolchain/bin/../lib/gcc/avr/5.4.0/../../../../avr/lib/avr5\libc.a(rand.o)
                              SRAM/SRAM.o (rand)
c:/program files (x86)/atmel/studio/7.0/toolchain/avr8/avr8-gnu-toolchain/bin/../lib/gcc/avr/5.4.0/../../../../avr/lib/avr5\libc.a(strncpy.o)
                              Menu/OLED_menu.o (strncpy)
c:/program files (x86)/atmel/studio/7.0/toolchain/avr8/avr8-gnu-toolchain/bin/../lib/gcc/avr/5.4.0/../../../../avr/lib/avr5\libc.a(fdevopen.o)
                              UART/UART.o (fdevopen)
c:/program files (x86)/atmel/studio/7.0/toolchain/avr8/avr8-gnu-toolchain/bin/../lib/gcc/avr/5.4.0/../../../../avr/lib/avr5\libc.a(iob.o)
                              c:/program files (x86)/atmel/studio/7.0/toolchain/avr8/avr8-gnu-toolchain/bin/../lib/gcc/avr/5.4.0/../../../../avr/lib/avr5\libc.a(fdevopen.o) (__iob)
c:/program files (x86)/atmel/studio/7.0/toolchain/avr8/avr8-gnu-toolchain/bin/../lib/gcc/avr/5.4.0/../../../../avr/lib/avr5\libc.a(printf.o)
                              CAN/CAN.o (printf)
c:/program files (x86)/atmel/studio/7.0/toolchain/avr8/avr8-gnu-toolchain/bin/../lib/gcc/avr/5.4.0/../../../../avr/lib/avr5\libc.a(puts.o)
                              Analog/Joystick.o (puts)
c:/program files (x86)/atmel/studio/7.0/toolchain/avr8/avr8-gnu-toolchain/bin/../lib/gcc/avr/5.4.0/../../../../avr/lib/avr5\libc.a(sprintf.o)
                              Menu/OLED_menu.o (sprintf)
c:/program files (x86)/atmel/studio/7.0/toolchain/avr8/avr8-gnu-toolchain/bin/../lib/gcc/avr/5.4.0/../../../../avr/lib/avr5\libc.a(vfprintf_std.o)
                              c:/program files (x86)/atmel/studio/7.0/toolchain/avr8/avr8-gnu-toolchain/bin/../lib/gcc/avr/5.4.0/../../../../avr/lib/avr5\libc.a(printf.o) (vfprintf)
c:/program files (x86)/atmel/studio/7.0/toolchain/avr8/avr8-gnu-toolchain/bin/../lib/gcc/avr/5.4.0/../../../../avr/lib/avr5\libc.a(calloc.o)
                              c:/program files (x86)/atmel/studio/7.0/toolchain/avr8/avr8-gnu-toolchain/bin/../lib/gcc/avr/5.4.0/../../../../avr/lib/avr5\libc.a(fdevopen.o) (calloc)
c:/program files (x86)/atmel/studio/7.0/toolchain/avr8/avr8-gnu-toolchain/bin/../lib/gcc/avr/5.4.0/../../../../avr/lib/avr5\libc.a(strnlen_P.o)
                              c:/program files (x86)/atmel/studio/7.0/toolchain/avr8/avr8-gnu-toolchain/bin/../lib/gcc/avr/5.4.0/../../../../avr/lib/avr5\libc.a(vfprintf_std.o) (strnlen_P)
c:/program files (x86)/atmel/studio/7.0/toolchain/avr8/avr8-gnu-toolchain/bin/../lib/gcc/avr/5.4.0/../../../../avr/lib/avr5\libc.a(memset.o)
                              c:/program files (x86)/atmel/studio/7.0/toolchain/avr8/avr8-gnu-toolchain/bin/../lib/gcc/avr/5.4.0/../../../../avr/lib/avr5\libc.a(calloc.o) (memset)
c:/program files (x86)/atmel/studio/7.0/toolchain/avr8/avr8-gnu-toolchain/bin/../lib/gcc/avr/5.4.0/../../../../avr/lib/avr5\libc.a(strnlen.o)
                              c:/program files (x86)/atmel/studio/7.0/toolchain/avr8/avr8-gnu-toolchain/bin/../lib/gcc/avr/5.4.0/../../../../avr/lib/avr5\libc.a(vfprintf_std.o) (strnlen)
c:/program files (x86)/atmel/studio/7.0/toolchain/avr8/avr8-gnu-toolchain/bin/../lib/gcc/avr/5.4.0/../../../../avr/lib/avr5\libc.a(fputc.o)
                              c:/program files (x86)/atmel/studio/7.0/toolchain/avr8/avr8-gnu-toolchain/bin/../lib/gcc/avr/5.4.0/../../../../avr/lib/avr5\libc.a(vfprintf_std.o) (fputc)
c:/program files (x86)/atmel/studio/7.0/toolchain/avr8/avr8-gnu-toolchain/bin/../lib/gcc/avr/5.4.0/../../../../avr/lib/avr5\libc.a(ultoa_invert.o)
                              c:/program files (x86)/atmel/studio/7.0/toolchain/avr8/avr8-gnu-toolchain/bin/../lib/gcc/avr/5.4.0/../../../../avr/lib/avr5\libc.a(vfprintf_std.o) (__ultoa_invert)
c:/program files (x86)/atmel/studio/7.0/toolchain/avr8/avr8-gnu-toolchain/bin/../lib/gcc/avr/5.4.0/avr5\libgcc.a(_divmodsi4.o)
                              c:/program files (x86)/atmel/studio/7.0/toolchain/avr8/avr8-gnu-toolchain/bin/../lib/gcc/avr/5.4.0/../../../../avr/lib/avr5\libc.a(rand.o) (__divmodsi4)
c:/program files (x86)/atmel/studio/7.0/toolchain/avr8/avr8-gnu-toolchain/bin/../lib/gcc/avr/5.4.0/avr5\libgcc.a(_negsi2.o)
                              c:/program files (x86)/atmel/studio/7.0/toolchain/avr8/avr8-gnu-toolchain/bin/../lib/gcc/avr/5.4.0/avr5\libgcc.a(_divmodsi4.o) (__negsi2)
c:/program files (x86)/atmel/studio/7.0/toolchain/avr8/avr8-gnu-toolchain/bin/../lib/gcc/avr/5.4.0/avr5\libgcc.a(_muluhisi3.o)
                              c:/program files (x86)/atmel/studio/7.0/toolchain/avr8/avr8-gnu-toolchain/bin/../lib/gcc/avr/5.4.0/../../../../avr/lib/avr5\libc.a(rand.o) (__muluhisi3)
c:/program files (x86)/atmel/studio/7.0/toolchain/avr8/avr8-gnu-toolchain/bin/../lib/gcc/avr/5.4.0/avr5\libgcc.a(_mulshisi3.o)
                              c:/program files (x86)/atmel/studio/7.0/toolchain/avr8/avr8-gnu-toolchain/bin/../lib/gcc/avr/5.4.0/../../../../avr/lib/avr5\libc.a(rand.o) (__mulohisi3)
c:/program files (x86)/atmel/studio/7.0/toolchain/avr8/avr8-gnu-toolchain/bin/../lib/gcc/avr/5.4.0/avr5\libgcc.a(_prologue.o)
                              c:/program files (x86)/atmel/studio/7.0/toolchain/avr8/avr8-gnu-toolchain/bin/../lib/gcc/avr/5.4.0/../../../../avr/lib/avr5\libc.a(printf.o) (__prologue_saves__)
c:/program files (x86)/atmel/studio/7.0/toolchain/avr8/avr8-gnu-toolchain/bin/../lib/gcc/avr/5.4.0/avr5\libgcc.a(_epilogue.o)
                              c:/program files (x86)/atmel/studio/7.0/toolchain/avr8/avr8-gnu-toolchain/bin/../lib/gcc/avr/5.4.0/../../../../avr/lib/avr5\libc.a(printf.o) (__epilogue_restores__)
c:/program files (x86)/atmel/studio/7.0/toolchain/avr8/avr8-gnu-toolchain/bin/../lib/gcc/avr/5.4.0/avr5\libgcc.a(_udivmodsi4.o)
                              c:/program files (x86)/atmel/studio/7.0/toolchain/avr8/avr8-gnu-toolchain/bin/../lib/gcc/avr/5.4.0/avr5\libgcc.a(_divmodsi4.o) (__udivmodsi4)
c:/program files (x86)/atmel/studio/7.0/toolchain/avr8/avr8-gnu-toolchain/bin/../lib/gcc/avr/5.4.0/avr5\libgcc.a(_umulhisi3.o)
                              c:/program files (x86)/atmel/studio/7.0/toolchain/avr8/avr8-gnu-toolchain/bin/../lib/gcc/avr/5.4.0/avr5\libgcc.a(_muluhisi3.o) (__umulhisi3)

Allocating common symbols
Common symbol       size              file

CAN_INPUT_BUFFER    0x58              CAN/CAN.o
position            0x6               CAN/msg_handler.o
current_menu        0x2               Menu/OLED_menu.o
current_menu_size   0x2               Menu/OLED_menu.o
__brkval            0x2               c:/program files (x86)/atmel/studio/7.0/toolchain/avr8/avr8-gnu-toolchain/bin/../lib/gcc/avr/5.4.0/../../../../avr/lib/avr5\libc.a(malloc.o)
R_pos               0x1               Analog/ADC.o
__flp               0x2               c:/program files (x86)/atmel/studio/7.0/toolchain/avr8/avr8-gnu-toolchain/bin/../lib/gcc/avr/5.4.0/../../../../avr/lib/avr5\libc.a(malloc.o)
__iob               0x6               c:/program files (x86)/atmel/studio/7.0/toolchain/avr8/avr8-gnu-toolchain/bin/../lib/gcc/avr/5.4.0/../../../../avr/lib/avr5\libc.a(iob.o)

Discarded input sections

 .data          0x00000000        0x0 C:/Program Files (x86)/Atmel/Studio/7.0/Packs/atmel/ATmega_DFP/1.2.209/gcc/dev/atmega162/avr5/crtatmega162.o
 .bss           0x00000000        0x0 C:/Program Files (x86)/Atmel/Studio/7.0/Packs/atmel/ATmega_DFP/1.2.209/gcc/dev/atmega162/avr5/crtatmega162.o
 .text          0x00000000        0x0 Analog/ADC.o
 .data          0x00000000        0x0 Analog/ADC.o
 .bss           0x00000000        0x0 Analog/ADC.o
 .text.ADC_read
                0x00000000       0x36 Analog/ADC.o
 COMMON         0x00000000        0x1 Analog/ADC.o
 .text          0x00000000        0x0 Analog/Joystick.o
 .data          0x00000000        0x0 Analog/Joystick.o
 .bss           0x00000000        0x0 Analog/Joystick.o
 .text          0x00000000        0x0 Analog/Slider.o
 .data          0x00000000        0x0 Analog/Slider.o
 .bss           0x00000000        0x0 Analog/Slider.o
 .text.Slider_get_button
                0x00000000       0x1e Analog/Slider.o
 .text          0x00000000        0x0 CAN/CAN.o
 .data          0x00000000        0x0 CAN/CAN.o
 .bss           0x00000000        0x0 CAN/CAN.o
 .text.CAN_read
                0x00000000       0x48 CAN/CAN.o
 .text.CAN_interrupt
                0x00000000       0x1a CAN/CAN.o
 .text.CAN_RXcmplt
                0x00000000       0x16 CAN/CAN.o
 .text.CAN_error
                0x00000000       0xae CAN/CAN.o
 .text.CAN_handler
                0x00000000       0x80 CAN/CAN.o
 .bss.CAN_first_rx
                0x00000000        0x1 CAN/CAN.o
 .text          0x00000000        0x0 CAN/CAN_driver.o
 .data          0x00000000        0x0 CAN/CAN_driver.o
 .bss           0x00000000        0x0 CAN/CAN_driver.o
 .text.mcp_2515_read_status
                0x00000000       0x1c CAN/CAN_driver.o
 .text          0x00000000        0x0 CAN/msg_handler.o
 .data          0x00000000        0x0 CAN/msg_handler.o
 .bss           0x00000000        0x0 CAN/msg_handler.o
 .text          0x00000000        0x0 CAN/SPI.o
 .data          0x00000000        0x0 CAN/SPI.o
 .bss           0x00000000        0x0 CAN/SPI.o
 .text          0x00000000        0x0 Exercise/Exercise.o
 .data          0x00000000        0x0 Exercise/Exercise.o
 .bss           0x00000000        0x0 Exercise/Exercise.o
 .debug_info    0x00000000       0x81 Exercise/Exercise.o
 .debug_abbrev  0x00000000       0x44 Exercise/Exercise.o
 .debug_aranges
                0x00000000       0x18 Exercise/Exercise.o
 .debug_line    0x00000000       0x98 Exercise/Exercise.o
 .debug_str     0x00000000      0x18c Exercise/Exercise.o
 .comment       0x00000000       0x31 Exercise/Exercise.o
 .text          0x00000000        0x0 main.o
 .data          0x00000000        0x0 main.o
 .bss           0x00000000        0x0 main.o
 .text.invert_string
                0x00000000       0x14 main.o
 .bss.historic_score
                0x00000000       0x14 main.o
 .text          0x00000000        0x0 Menu/OLED_menu.o
 .data          0x00000000        0x0 Menu/OLED_menu.o
 .bss           0x00000000        0x0 Menu/OLED_menu.o
 .text.printTitle
                0x00000000       0x40 Menu/OLED_menu.o
 .bss.display_line_offset
                0x00000000        0x2 Menu/OLED_menu.o
 .bss.title_cutter
                0x00000000        0x2 Menu/OLED_menu.o
 .bss.cutter    0x00000000        0x2 Menu/OLED_menu.o
 .bss.score     0x00000000        0x2 Menu/OLED_menu.o
 .data.current_line
                0x00000000        0x2 Menu/OLED_menu.o
 .text          0x00000000        0x0 OLED/fonts.o
 .data          0x00000000        0x0 OLED/fonts.o
 .bss           0x00000000        0x0 OLED/fonts.o
 .progmem.data.font4
                0x00000000      0x17c OLED/fonts.o
 .progmem.data.font5
                0x00000000      0x1db OLED/fonts.o
 .text          0x00000000        0x0 OLED/Fonts/font4x6.o
 .data          0x00000000        0x0 OLED/Fonts/font4x6.o
 .bss           0x00000000        0x0 OLED/Fonts/font4x6.o
 .rodata        0x00000000        0x5 OLED/Fonts/font4x6.o
 .text.font4x6  0x00000000       0x40 OLED/Fonts/font4x6.o
 .progmem.data.font4x6_data
                0x00000000      0x17c OLED/Fonts/font4x6.o
 .debug_info    0x00000000      0x10e OLED/Fonts/font4x6.o
 .debug_abbrev  0x00000000       0xa0 OLED/Fonts/font4x6.o
 .debug_loc     0x00000000       0x48 OLED/Fonts/font4x6.o
 .debug_aranges
                0x00000000       0x20 OLED/Fonts/font4x6.o
 .debug_ranges  0x00000000       0x10 OLED/Fonts/font4x6.o
 .debug_line    0x00000000       0xc3 OLED/Fonts/font4x6.o
 .debug_str     0x00000000      0x1c0 OLED/Fonts/font4x6.o
 .comment       0x00000000       0x31 OLED/Fonts/font4x6.o
 .debug_frame   0x00000000       0x34 OLED/Fonts/font4x6.o
 .text          0x00000000        0x0 OLED/Fonts/font5x7.o
 .data          0x00000000        0x0 OLED/Fonts/font5x7.o
 .bss           0x00000000        0x0 OLED/Fonts/font5x7.o
 .rodata        0x00000000        0x5 OLED/Fonts/font5x7.o
 .text.font5x7  0x00000000       0x40 OLED/Fonts/font5x7.o
 .progmem.data.font5x7_data
                0x00000000      0x1db OLED/Fonts/font5x7.o
 .debug_info    0x00000000      0x10e OLED/Fonts/font5x7.o
 .debug_abbrev  0x00000000       0xa0 OLED/Fonts/font5x7.o
 .debug_loc     0x00000000       0x48 OLED/Fonts/font5x7.o
 .debug_aranges
                0x00000000       0x20 OLED/Fonts/font5x7.o
 .debug_ranges  0x00000000       0x10 OLED/Fonts/font5x7.o
 .debug_line    0x00000000       0xc3 OLED/Fonts/font5x7.o
 .debug_str     0x00000000      0x1c0 OLED/Fonts/font5x7.o
 .comment       0x00000000       0x31 OLED/Fonts/font5x7.o
 .debug_frame   0x00000000       0x34 OLED/Fonts/font5x7.o
 .text          0x00000000        0x0 OLED/Fonts/font5x7w.o
 .data          0x00000000        0x0 OLED/Fonts/font5x7w.o
 .bss           0x00000000        0x0 OLED/Fonts/font5x7w.o
 .rodata        0x00000000        0x5 OLED/Fonts/font5x7w.o
 .text.font5x7w
                0x00000000       0x40 OLED/Fonts/font5x7w.o
 .progmem.data.font5x7w_data
                0x00000000      0x1db OLED/Fonts/font5x7w.o
 .debug_info    0x00000000      0x10e OLED/Fonts/font5x7w.o
 .debug_abbrev  0x00000000       0xa0 OLED/Fonts/font5x7w.o
 .debug_loc     0x00000000       0x48 OLED/Fonts/font5x7w.o
 .debug_aranges
                0x00000000       0x20 OLED/Fonts/font5x7w.o
 .debug_ranges  0x00000000       0x10 OLED/Fonts/font5x7w.o
 .debug_line    0x00000000       0xc4 OLED/Fonts/font5x7w.o
 .debug_str     0x00000000      0x1c3 OLED/Fonts/font5x7w.o
 .comment       0x00000000       0x31 OLED/Fonts/font5x7w.o
 .debug_frame   0x00000000       0x34 OLED/Fonts/font5x7w.o
 .text          0x00000000        0x0 OLED/Fonts/font8x8.o
 .data          0x00000000        0x0 OLED/Fonts/font8x8.o
 .bss           0x00000000        0x0 OLED/Fonts/font8x8.o
 .rodata        0x00000000        0x5 OLED/Fonts/font8x8.o
 .text.font8x8  0x00000000       0x40 OLED/Fonts/font8x8.o
 .progmem.data.font8x8_data
                0x00000000      0x2f8 OLED/Fonts/font8x8.o
 .debug_info    0x00000000      0x10e OLED/Fonts/font8x8.o
 .debug_abbrev  0x00000000       0xa0 OLED/Fonts/font8x8.o
 .debug_loc     0x00000000       0x48 OLED/Fonts/font8x8.o
 .debug_aranges
                0x00000000       0x20 OLED/Fonts/font8x8.o
 .debug_ranges  0x00000000       0x10 OLED/Fonts/font8x8.o
 .debug_line    0x00000000       0xc3 OLED/Fonts/font8x8.o
 .debug_str     0x00000000      0x1c0 OLED/Fonts/font8x8.o
 .comment       0x00000000       0x31 OLED/Fonts/font8x8.o
 .debug_frame   0x00000000       0x34 OLED/Fonts/font8x8.o
 .text          0x00000000        0x0 OLED/OLED.o
 .data          0x00000000        0x0 OLED/OLED.o
 .bss           0x00000000        0x0 OLED/OLED.o
 .text.OLED_write_cmd
                0x00000000        0x6 OLED/OLED.o
 .text.OLED_font_select
                0x00000000       0x1e OLED/OLED.o
 .text.OLED_Allign_centre
                0x00000000       0x1e OLED/OLED.o
 .text.long_string
                0x00000000       0x2a OLED/OLED.o
 .text.OLED_fill_line
                0x00000000       0x24 OLED/OLED.o
 .text          0x00000000        0x0 PWM.o
 .data          0x00000000        0x0 PWM.o
 .bss           0x00000000        0x0 PWM.o
 .text          0x00000000        0x0 SRAM/SRAM.o
 .data          0x00000000        0x0 SRAM/SRAM.o
 .bss           0x00000000        0x0 SRAM/SRAM.o
 .text.SRAM_clear
                0x00000000       0x10 SRAM/SRAM.o
 .text.SRAM_write
                0x00000000       0x36 SRAM/SRAM.o
 .text.SRAM_read
                0x00000000       0x3e SRAM/SRAM.o
 .rodata.str1.1
                0x00000000       0xf2 SRAM/SRAM.o
 .text.SRAM_test
                0x00000000      0x106 SRAM/SRAM.o
 .text          0x00000000        0x0 Timer.o
 .data          0x00000000        0x0 Timer.o
 .bss           0x00000000        0x0 Timer.o
 .text.Timer1_start
                0x00000000       0x16 Timer.o
 .text          0x00000000        0x0 UART/UART.o
 .data          0x00000000        0x0 UART/UART.o
 .bss           0x00000000        0x0 UART/UART.o
 .text.UART_puts
                0x00000000       0x26 UART/UART.o
 .text          0x00000000        0x0 utility.o
 .data          0x00000000        0x0 utility.o
 .bss           0x00000000        0x0 utility.o
 .rodata.str1.1
                0x00000000       0x25 utility.o
 .text.print_direction
                0x00000000       0x86 utility.o
 .debug_info    0x00000000      0x129 utility.o
 .debug_abbrev  0x00000000       0xb1 utility.o
 .debug_loc     0x00000000      0x19d utility.o
 .debug_aranges
                0x00000000       0x20 utility.o
 .debug_ranges  0x00000000       0x10 utility.o
 .debug_line    0x00000000      0x102 utility.o
 .debug_str     0x00000000      0x1b6 utility.o
 .comment       0x00000000       0x31 utility.o
 .debug_frame   0x00000000       0x5c utility.o
 .text          0x00000000        0x0 c:/program files (x86)/atmel/studio/7.0/toolchain/avr8/avr8-gnu-toolchain/bin/../lib/gcc/avr/5.4.0/avr5\libgcc.a(_exit.o)
 .data          0x00000000        0x0 c:/program files (x86)/atmel/studio/7.0/toolchain/avr8/avr8-gnu-toolchain/bin/../lib/gcc/avr/5.4.0/avr5\libgcc.a(_exit.o)
 .bss           0x00000000        0x0 c:/program files (x86)/atmel/studio/7.0/toolchain/avr8/avr8-gnu-toolchain/bin/../lib/gcc/avr/5.4.0/avr5\libgcc.a(_exit.o)
 .text.libgcc.mul
                0x00000000        0x0 c:/program files (x86)/atmel/studio/7.0/toolchain/avr8/avr8-gnu-toolchain/bin/../lib/gcc/avr/5.4.0/avr5\libgcc.a(_exit.o)
 .text.libgcc.div
                0x00000000        0x0 c:/program files (x86)/atmel/studio/7.0/toolchain/avr8/avr8-gnu-toolchain/bin/../lib/gcc/avr/5.4.0/avr5\libgcc.a(_exit.o)
 .text.libgcc   0x00000000        0x0 c:/program files (x86)/atmel/studio/7.0/toolchain/avr8/avr8-gnu-toolchain/bin/../lib/gcc/avr/5.4.0/avr5\libgcc.a(_exit.o)
 .text.libgcc.prologue
                0x00000000        0x0 c:/program files (x86)/atmel/studio/7.0/toolchain/avr8/avr8-gnu-toolchain/bin/../lib/gcc/avr/5.4.0/avr5\libgcc.a(_exit.o)
 .text.libgcc.builtins
                0x00000000        0x0 c:/program files (x86)/atmel/studio/7.0/toolchain/avr8/avr8-gnu-toolchain/bin/../lib/gcc/avr/5.4.0/avr5\libgcc.a(_exit.o)
 .text.libgcc.fmul
                0x00000000        0x0 c:/program files (x86)/atmel/studio/7.0/toolchain/avr8/avr8-gnu-toolchain/bin/../lib/gcc/avr/5.4.0/avr5\libgcc.a(_exit.o)
 .text.libgcc.fixed
                0x00000000        0x0 c:/program files (x86)/atmel/studio/7.0/toolchain/avr8/avr8-gnu-toolchain/bin/../lib/gcc/avr/5.4.0/avr5\libgcc.a(_exit.o)
 .text          0x00000000        0x0 c:/program files (x86)/atmel/studio/7.0/toolchain/avr8/avr8-gnu-toolchain/bin/../lib/gcc/avr/5.4.0/avr5\libgcc.a(_copy_data.o)
 .data          0x00000000        0x0 c:/program files (x86)/atmel/studio/7.0/toolchain/avr8/avr8-gnu-toolchain/bin/../lib/gcc/avr/5.4.0/avr5\libgcc.a(_copy_data.o)
 .bss           0x00000000        0x0 c:/program files (x86)/atmel/studio/7.0/toolchain/avr8/avr8-gnu-toolchain/bin/../lib/gcc/avr/5.4.0/avr5\libgcc.a(_copy_data.o)
 .text.libgcc.mul
                0x00000000        0x0 c:/program files (x86)/atmel/studio/7.0/toolchain/avr8/avr8-gnu-toolchain/bin/../lib/gcc/avr/5.4.0/avr5\libgcc.a(_copy_data.o)
 .text.libgcc.div
                0x00000000        0x0 c:/program files (x86)/atmel/studio/7.0/toolchain/avr8/avr8-gnu-toolchain/bin/../lib/gcc/avr/5.4.0/avr5\libgcc.a(_copy_data.o)
 .text.libgcc   0x00000000        0x0 c:/program files (x86)/atmel/studio/7.0/toolchain/avr8/avr8-gnu-toolchain/bin/../lib/gcc/avr/5.4.0/avr5\libgcc.a(_copy_data.o)
 .text.libgcc.prologue
                0x00000000        0x0 c:/program files (x86)/atmel/studio/7.0/toolchain/avr8/avr8-gnu-toolchain/bin/../lib/gcc/avr/5.4.0/avr5\libgcc.a(_copy_data.o)
 .text.libgcc.builtins
                0x00000000        0x0 c:/program files (x86)/atmel/studio/7.0/toolchain/avr8/avr8-gnu-toolchain/bin/../lib/gcc/avr/5.4.0/avr5\libgcc.a(_copy_data.o)
 .text.libgcc.fmul
                0x00000000        0x0 c:/program files (x86)/atmel/studio/7.0/toolchain/avr8/avr8-gnu-toolchain/bin/../lib/gcc/avr/5.4.0/avr5\libgcc.a(_copy_data.o)
 .text.libgcc.fixed
                0x00000000        0x0 c:/program files (x86)/atmel/studio/7.0/toolchain/avr8/avr8-gnu-toolchain/bin/../lib/gcc/avr/5.4.0/avr5\libgcc.a(_copy_data.o)
 .text          0x00000000        0x0 c:/program files (x86)/atmel/studio/7.0/toolchain/avr8/avr8-gnu-toolchain/bin/../lib/gcc/avr/5.4.0/avr5\libgcc.a(_clear_bss.o)
 .data          0x00000000        0x0 c:/program files (x86)/atmel/studio/7.0/toolchain/avr8/avr8-gnu-toolchain/bin/../lib/gcc/avr/5.4.0/avr5\libgcc.a(_clear_bss.o)
 .bss           0x00000000        0x0 c:/program files (x86)/atmel/studio/7.0/toolchain/avr8/avr8-gnu-toolchain/bin/../lib/gcc/avr/5.4.0/avr5\libgcc.a(_clear_bss.o)
 .text.libgcc.mul
                0x00000000        0x0 c:/program files (x86)/atmel/studio/7.0/toolchain/avr8/avr8-gnu-toolchain/bin/../lib/gcc/avr/5.4.0/avr5\libgcc.a(_clear_bss.o)
 .text.libgcc.div
                0x00000000        0x0 c:/program files (x86)/atmel/studio/7.0/toolchain/avr8/avr8-gnu-toolchain/bin/../lib/gcc/avr/5.4.0/avr5\libgcc.a(_clear_bss.o)
 .text.libgcc   0x00000000        0x0 c:/program files (x86)/atmel/studio/7.0/toolchain/avr8/avr8-gnu-toolchain/bin/../lib/gcc/avr/5.4.0/avr5\libgcc.a(_clear_bss.o)
 .text.libgcc.prologue
                0x00000000        0x0 c:/program files (x86)/atmel/studio/7.0/toolchain/avr8/avr8-gnu-toolchain/bin/../lib/gcc/avr/5.4.0/avr5\libgcc.a(_clear_bss.o)
 .text.libgcc.builtins
                0x00000000        0x0 c:/program files (x86)/atmel/studio/7.0/toolchain/avr8/avr8-gnu-toolchain/bin/../lib/gcc/avr/5.4.0/avr5\libgcc.a(_clear_bss.o)
 .text.libgcc.fmul
                0x00000000        0x0 c:/program files (x86)/atmel/studio/7.0/toolchain/avr8/avr8-gnu-toolchain/bin/../lib/gcc/avr/5.4.0/avr5\libgcc.a(_clear_bss.o)
 .text.libgcc.fixed
                0x00000000        0x0 c:/program files (x86)/atmel/studio/7.0/toolchain/avr8/avr8-gnu-toolchain/bin/../lib/gcc/avr/5.4.0/avr5\libgcc.a(_clear_bss.o)
 .text          0x00000000        0x0 c:/program files (x86)/atmel/studio/7.0/toolchain/avr8/avr8-gnu-toolchain/bin/../lib/gcc/avr/5.4.0/../../../../avr/lib/avr5\libc.a(malloc.o)
 .bss           0x00000000        0x0 c:/program files (x86)/atmel/studio/7.0/toolchain/avr8/avr8-gnu-toolchain/bin/../lib/gcc/avr/5.4.0/../../../../avr/lib/avr5\libc.a(malloc.o)
 .text          0x00000000        0x0 c:/program files (x86)/atmel/studio/7.0/toolchain/avr8/avr8-gnu-toolchain/bin/../lib/gcc/avr/5.4.0/../../../../avr/lib/avr5\libc.a(rand.o)
 .data          0x00000000        0x4 c:/program files (x86)/atmel/studio/7.0/toolchain/avr8/avr8-gnu-toolchain/bin/../lib/gcc/avr/5.4.0/../../../../avr/lib/avr5\libc.a(rand.o)
 .bss           0x00000000        0x0 c:/program files (x86)/atmel/studio/7.0/toolchain/avr8/avr8-gnu-toolchain/bin/../lib/gcc/avr/5.4.0/../../../../avr/lib/avr5\libc.a(rand.o)
 .text.avr-libc
                0x00000000       0xb8 c:/program files (x86)/atmel/studio/7.0/toolchain/avr8/avr8-gnu-toolchain/bin/../lib/gcc/avr/5.4.0/../../../../avr/lib/avr5\libc.a(rand.o)
 .comment       0x00000000       0x31 c:/program files (x86)/atmel/studio/7.0/toolchain/avr8/avr8-gnu-toolchain/bin/../lib/gcc/avr/5.4.0/../../../../avr/lib/avr5\libc.a(rand.o)
 .text          0x00000000        0x0 c:/program files (x86)/atmel/studio/7.0/toolchain/avr8/avr8-gnu-toolchain/bin/../lib/gcc/avr/5.4.0/../../../../avr/lib/avr5\libc.a(strncpy.o)
 .data          0x00000000        0x0 c:/program files (x86)/atmel/studio/7.0/toolchain/avr8/avr8-gnu-toolchain/bin/../lib/gcc/avr/5.4.0/../../../../avr/lib/avr5\libc.a(strncpy.o)
 .bss           0x00000000        0x0 c:/program files (x86)/atmel/studio/7.0/toolchain/avr8/avr8-gnu-toolchain/bin/../lib/gcc/avr/5.4.0/../../../../avr/lib/avr5\libc.a(strncpy.o)
 .text          0x00000000        0x0 c:/program files (x86)/atmel/studio/7.0/toolchain/avr8/avr8-gnu-toolchain/bin/../lib/gcc/avr/5.4.0/../../../../avr/lib/avr5\libc.a(fdevopen.o)
 .data          0x00000000        0x0 c:/program files (x86)/atmel/studio/7.0/toolchain/avr8/avr8-gnu-toolchain/bin/../lib/gcc/avr/5.4.0/../../../../avr/lib/avr5\libc.a(fdevopen.o)
 .bss           0x00000000        0x0 c:/program files (x86)/atmel/studio/7.0/toolchain/avr8/avr8-gnu-toolchain/bin/../lib/gcc/avr/5.4.0/../../../../avr/lib/avr5\libc.a(fdevopen.o)
 .text          0x00000000        0x0 c:/program files (x86)/atmel/studio/7.0/toolchain/avr8/avr8-gnu-toolchain/bin/../lib/gcc/avr/5.4.0/../../../../avr/lib/avr5\libc.a(iob.o)
 .data          0x00000000        0x0 c:/program files (x86)/atmel/studio/7.0/toolchain/avr8/avr8-gnu-toolchain/bin/../lib/gcc/avr/5.4.0/../../../../avr/lib/avr5\libc.a(iob.o)
 .bss           0x00000000        0x0 c:/program files (x86)/atmel/studio/7.0/toolchain/avr8/avr8-gnu-toolchain/bin/../lib/gcc/avr/5.4.0/../../../../avr/lib/avr5\libc.a(iob.o)
 .text          0x00000000        0x0 c:/program files (x86)/atmel/studio/7.0/toolchain/avr8/avr8-gnu-toolchain/bin/../lib/gcc/avr/5.4.0/../../../../avr/lib/avr5\libc.a(printf.o)
 .data          0x00000000        0x0 c:/program files (x86)/atmel/studio/7.0/toolchain/avr8/avr8-gnu-toolchain/bin/../lib/gcc/avr/5.4.0/../../../../avr/lib/avr5\libc.a(printf.o)
 .bss           0x00000000        0x0 c:/program files (x86)/atmel/studio/7.0/toolchain/avr8/avr8-gnu-toolchain/bin/../lib/gcc/avr/5.4.0/../../../../avr/lib/avr5\libc.a(printf.o)
 .text          0x00000000        0x0 c:/program files (x86)/atmel/studio/7.0/toolchain/avr8/avr8-gnu-toolchain/bin/../lib/gcc/avr/5.4.0/../../../../avr/lib/avr5\libc.a(puts.o)
 .data          0x00000000        0x0 c:/program files (x86)/atmel/studio/7.0/toolchain/avr8/avr8-gnu-toolchain/bin/../lib/gcc/avr/5.4.0/../../../../avr/lib/avr5\libc.a(puts.o)
 .bss           0x00000000        0x0 c:/program files (x86)/atmel/studio/7.0/toolchain/avr8/avr8-gnu-toolchain/bin/../lib/gcc/avr/5.4.0/../../../../avr/lib/avr5\libc.a(puts.o)
 .text          0x00000000        0x0 c:/program files (x86)/atmel/studio/7.0/toolchain/avr8/avr8-gnu-toolchain/bin/../lib/gcc/avr/5.4.0/../../../../avr/lib/avr5\libc.a(sprintf.o)
 .data          0x00000000        0x0 c:/program files (x86)/atmel/studio/7.0/toolchain/avr8/avr8-gnu-toolchain/bin/../lib/gcc/avr/5.4.0/../../../../avr/lib/avr5\libc.a(sprintf.o)
 .bss           0x00000000        0x0 c:/program files (x86)/atmel/studio/7.0/toolchain/avr8/avr8-gnu-toolchain/bin/../lib/gcc/avr/5.4.0/../../../../avr/lib/avr5\libc.a(sprintf.o)
 .text          0x00000000        0x0 c:/program files (x86)/atmel/studio/7.0/toolchain/avr8/avr8-gnu-toolchain/bin/../lib/gcc/avr/5.4.0/../../../../avr/lib/avr5\libc.a(vfprintf_std.o)
 .data          0x00000000        0x0 c:/program files (x86)/atmel/studio/7.0/toolchain/avr8/avr8-gnu-toolchain/bin/../lib/gcc/avr/5.4.0/../../../../avr/lib/avr5\libc.a(vfprintf_std.o)
 .bss           0x00000000        0x0 c:/program files (x86)/atmel/studio/7.0/toolchain/avr8/avr8-gnu-toolchain/bin/../lib/gcc/avr/5.4.0/../../../../avr/lib/avr5\libc.a(vfprintf_std.o)
 .text          0x00000000        0x0 c:/program files (x86)/atmel/studio/7.0/toolchain/avr8/avr8-gnu-toolchain/bin/../lib/gcc/avr/5.4.0/../../../../avr/lib/avr5\libc.a(calloc.o)
 .data          0x00000000        0x0 c:/program files (x86)/atmel/studio/7.0/toolchain/avr8/avr8-gnu-toolchain/bin/../lib/gcc/avr/5.4.0/../../../../avr/lib/avr5\libc.a(calloc.o)
 .bss           0x00000000        0x0 c:/program files (x86)/atmel/studio/7.0/toolchain/avr8/avr8-gnu-toolchain/bin/../lib/gcc/avr/5.4.0/../../../../avr/lib/avr5\libc.a(calloc.o)
 .text          0x00000000        0x0 c:/program files (x86)/atmel/studio/7.0/toolchain/avr8/avr8-gnu-toolchain/bin/../lib/gcc/avr/5.4.0/../../../../avr/lib/avr5\libc.a(strnlen_P.o)
 .data          0x00000000        0x0 c:/program files (x86)/atmel/studio/7.0/toolchain/avr8/avr8-gnu-toolchain/bin/../lib/gcc/avr/5.4.0/../../../../avr/lib/avr5\libc.a(strnlen_P.o)
 .bss           0x00000000        0x0 c:/program files (x86)/atmel/studio/7.0/toolchain/avr8/avr8-gnu-toolchain/bin/../lib/gcc/avr/5.4.0/../../../../avr/lib/avr5\libc.a(strnlen_P.o)
 .text          0x00000000        0x0 c:/program files (x86)/atmel/studio/7.0/toolchain/avr8/avr8-gnu-toolchain/bin/../lib/gcc/avr/5.4.0/../../../../avr/lib/avr5\libc.a(memset.o)
 .data          0x00000000        0x0 c:/program files (x86)/atmel/studio/7.0/toolchain/avr8/avr8-gnu-toolchain/bin/../lib/gcc/avr/5.4.0/../../../../avr/lib/avr5\libc.a(memset.o)
 .bss           0x00000000        0x0 c:/program files (x86)/atmel/studio/7.0/toolchain/avr8/avr8-gnu-toolchain/bin/../lib/gcc/avr/5.4.0/../../../../avr/lib/avr5\libc.a(memset.o)
 .text          0x00000000        0x0 c:/program files (x86)/atmel/studio/7.0/toolchain/avr8/avr8-gnu-toolchain/bin/../lib/gcc/avr/5.4.0/../../../../avr/lib/avr5\libc.a(strnlen.o)
 .data          0x00000000        0x0 c:/program files (x86)/atmel/studio/7.0/toolchain/avr8/avr8-gnu-toolchain/bin/../lib/gcc/avr/5.4.0/../../../../avr/lib/avr5\libc.a(strnlen.o)
 .bss           0x00000000        0x0 c:/program files (x86)/atmel/studio/7.0/toolchain/avr8/avr8-gnu-toolchain/bin/../lib/gcc/avr/5.4.0/../../../../avr/lib/avr5\libc.a(strnlen.o)
 .text          0x00000000        0x0 c:/program files (x86)/atmel/studio/7.0/toolchain/avr8/avr8-gnu-toolchain/bin/../lib/gcc/avr/5.4.0/../../../../avr/lib/avr5\libc.a(fputc.o)
 .data          0x00000000        0x0 c:/program files (x86)/atmel/studio/7.0/toolchain/avr8/avr8-gnu-toolchain/bin/../lib/gcc/avr/5.4.0/../../../../avr/lib/avr5\libc.a(fputc.o)
 .bss           0x00000000        0x0 c:/program files (x86)/atmel/studio/7.0/toolchain/avr8/avr8-gnu-toolchain/bin/../lib/gcc/avr/5.4.0/../../../../avr/lib/avr5\libc.a(fputc.o)
 .text          0x00000000        0x0 c:/program files (x86)/atmel/studio/7.0/toolchain/avr8/avr8-gnu-toolchain/bin/../lib/gcc/avr/5.4.0/../../../../avr/lib/avr5\libc.a(ultoa_invert.o)
 .data          0x00000000        0x0 c:/program files (x86)/atmel/studio/7.0/toolchain/avr8/avr8-gnu-toolchain/bin/../lib/gcc/avr/5.4.0/../../../../avr/lib/avr5\libc.a(ultoa_invert.o)
 .bss           0x00000000        0x0 c:/program files (x86)/atmel/studio/7.0/toolchain/avr8/avr8-gnu-toolchain/bin/../lib/gcc/avr/5.4.0/../../../../avr/lib/avr5\libc.a(ultoa_invert.o)
 .text          0x00000000        0x0 c:/program files (x86)/atmel/studio/7.0/toolchain/avr8/avr8-gnu-toolchain/bin/../lib/gcc/avr/5.4.0/avr5\libgcc.a(_divmodsi4.o)
 .data          0x00000000        0x0 c:/program files (x86)/atmel/studio/7.0/toolchain/avr8/avr8-gnu-toolchain/bin/../lib/gcc/avr/5.4.0/avr5\libgcc.a(_divmodsi4.o)
 .bss           0x00000000        0x0 c:/program files (x86)/atmel/studio/7.0/toolchain/avr8/avr8-gnu-toolchain/bin/../lib/gcc/avr/5.4.0/avr5\libgcc.a(_divmodsi4.o)
 .text.libgcc.mul
                0x00000000        0x0 c:/program files (x86)/atmel/studio/7.0/toolchain/avr8/avr8-gnu-toolchain/bin/../lib/gcc/avr/5.4.0/avr5\libgcc.a(_divmodsi4.o)
 .text.libgcc.div
                0x00000000       0x2e c:/program files (x86)/atmel/studio/7.0/toolchain/avr8/avr8-gnu-toolchain/bin/../lib/gcc/avr/5.4.0/avr5\libgcc.a(_divmodsi4.o)
 .text.libgcc   0x00000000        0x0 c:/program files (x86)/atmel/studio/7.0/toolchain/avr8/avr8-gnu-toolchain/bin/../lib/gcc/avr/5.4.0/avr5\libgcc.a(_divmodsi4.o)
 .text.libgcc.prologue
                0x00000000        0x0 c:/program files (x86)/atmel/studio/7.0/toolchain/avr8/avr8-gnu-toolchain/bin/../lib/gcc/avr/5.4.0/avr5\libgcc.a(_divmodsi4.o)
 .text.libgcc.builtins
                0x00000000        0x0 c:/program files (x86)/atmel/studio/7.0/toolchain/avr8/avr8-gnu-toolchain/bin/../lib/gcc/avr/5.4.0/avr5\libgcc.a(_divmodsi4.o)
 .text.libgcc.fmul
                0x00000000        0x0 c:/program files (x86)/atmel/studio/7.0/toolchain/avr8/avr8-gnu-toolchain/bin/../lib/gcc/avr/5.4.0/avr5\libgcc.a(_divmodsi4.o)
 .text.libgcc.fixed
                0x00000000        0x0 c:/program files (x86)/atmel/studio/7.0/toolchain/avr8/avr8-gnu-toolchain/bin/../lib/gcc/avr/5.4.0/avr5\libgcc.a(_divmodsi4.o)
 .text          0x00000000        0x0 c:/program files (x86)/atmel/studio/7.0/toolchain/avr8/avr8-gnu-toolchain/bin/../lib/gcc/avr/5.4.0/avr5\libgcc.a(_negsi2.o)
 .data          0x00000000        0x0 c:/program files (x86)/atmel/studio/7.0/toolchain/avr8/avr8-gnu-toolchain/bin/../lib/gcc/avr/5.4.0/avr5\libgcc.a(_negsi2.o)
 .bss           0x00000000        0x0 c:/program files (x86)/atmel/studio/7.0/toolchain/avr8/avr8-gnu-toolchain/bin/../lib/gcc/avr/5.4.0/avr5\libgcc.a(_negsi2.o)
 .text.libgcc.mul
                0x00000000        0x0 c:/program files (x86)/atmel/studio/7.0/toolchain/avr8/avr8-gnu-toolchain/bin/../lib/gcc/avr/5.4.0/avr5\libgcc.a(_negsi2.o)
 .text.libgcc.div
                0x00000000       0x10 c:/program files (x86)/atmel/studio/7.0/toolchain/avr8/avr8-gnu-toolchain/bin/../lib/gcc/avr/5.4.0/avr5\libgcc.a(_negsi2.o)
 .text.libgcc   0x00000000        0x0 c:/program files (x86)/atmel/studio/7.0/toolchain/avr8/avr8-gnu-toolchain/bin/../lib/gcc/avr/5.4.0/avr5\libgcc.a(_negsi2.o)
 .text.libgcc.prologue
                0x00000000        0x0 c:/program files (x86)/atmel/studio/7.0/toolchain/avr8/avr8-gnu-toolchain/bin/../lib/gcc/avr/5.4.0/avr5\libgcc.a(_negsi2.o)
 .text.libgcc.builtins
                0x00000000        0x0 c:/program files (x86)/atmel/studio/7.0/toolchain/avr8/avr8-gnu-toolchain/bin/../lib/gcc/avr/5.4.0/avr5\libgcc.a(_negsi2.o)
 .text.libgcc.fmul
                0x00000000        0x0 c:/program files (x86)/atmel/studio/7.0/toolchain/avr8/avr8-gnu-toolchain/bin/../lib/gcc/avr/5.4.0/avr5\libgcc.a(_negsi2.o)
 .text.libgcc.fixed
                0x00000000        0x0 c:/program files (x86)/atmel/studio/7.0/toolchain/avr8/avr8-gnu-toolchain/bin/../lib/gcc/avr/5.4.0/avr5\libgcc.a(_negsi2.o)
 .text          0x00000000        0x0 c:/program files (x86)/atmel/studio/7.0/toolchain/avr8/avr8-gnu-toolchain/bin/../lib/gcc/avr/5.4.0/avr5\libgcc.a(_muluhisi3.o)
 .data          0x00000000        0x0 c:/program files (x86)/atmel/studio/7.0/toolchain/avr8/avr8-gnu-toolchain/bin/../lib/gcc/avr/5.4.0/avr5\libgcc.a(_muluhisi3.o)
 .bss           0x00000000        0x0 c:/program files (x86)/atmel/studio/7.0/toolchain/avr8/avr8-gnu-toolchain/bin/../lib/gcc/avr/5.4.0/avr5\libgcc.a(_muluhisi3.o)
 .text.libgcc.mul
                0x00000000       0x16 c:/program files (x86)/atmel/studio/7.0/toolchain/avr8/avr8-gnu-toolchain/bin/../lib/gcc/avr/5.4.0/avr5\libgcc.a(_muluhisi3.o)
 .text.libgcc.div
                0x00000000        0x0 c:/program files (x86)/atmel/studio/7.0/toolchain/avr8/avr8-gnu-toolchain/bin/../lib/gcc/avr/5.4.0/avr5\libgcc.a(_muluhisi3.o)
 .text.libgcc   0x00000000        0x0 c:/program files (x86)/atmel/studio/7.0/toolchain/avr8/avr8-gnu-toolchain/bin/../lib/gcc/avr/5.4.0/avr5\libgcc.a(_muluhisi3.o)
 .text.libgcc.prologue
                0x00000000        0x0 c:/program files (x86)/atmel/studio/7.0/toolchain/avr8/avr8-gnu-toolchain/bin/../lib/gcc/avr/5.4.0/avr5\libgcc.a(_muluhisi3.o)
 .text.libgcc.builtins
                0x00000000        0x0 c:/program files (x86)/atmel/studio/7.0/toolchain/avr8/avr8-gnu-toolchain/bin/../lib/gcc/avr/5.4.0/avr5\libgcc.a(_muluhisi3.o)
 .text.libgcc.fmul
                0x00000000        0x0 c:/program files (x86)/atmel/studio/7.0/toolchain/avr8/avr8-gnu-toolchain/bin/../lib/gcc/avr/5.4.0/avr5\libgcc.a(_muluhisi3.o)
 .text.libgcc.fixed
                0x00000000        0x0 c:/program files (x86)/atmel/studio/7.0/toolchain/avr8/avr8-gnu-toolchain/bin/../lib/gcc/avr/5.4.0/avr5\libgcc.a(_muluhisi3.o)
 .text          0x00000000        0x0 c:/program files (x86)/atmel/studio/7.0/toolchain/avr8/avr8-gnu-toolchain/bin/../lib/gcc/avr/5.4.0/avr5\libgcc.a(_mulshisi3.o)
 .data          0x00000000        0x0 c:/program files (x86)/atmel/studio/7.0/toolchain/avr8/avr8-gnu-toolchain/bin/../lib/gcc/avr/5.4.0/avr5\libgcc.a(_mulshisi3.o)
 .bss           0x00000000        0x0 c:/program files (x86)/atmel/studio/7.0/toolchain/avr8/avr8-gnu-toolchain/bin/../lib/gcc/avr/5.4.0/avr5\libgcc.a(_mulshisi3.o)
 .text.libgcc.mul
                0x00000000       0x10 c:/program files (x86)/atmel/studio/7.0/toolchain/avr8/avr8-gnu-toolchain/bin/../lib/gcc/avr/5.4.0/avr5\libgcc.a(_mulshisi3.o)
 .text.libgcc.div
                0x00000000        0x0 c:/program files (x86)/atmel/studio/7.0/toolchain/avr8/avr8-gnu-toolchain/bin/../lib/gcc/avr/5.4.0/avr5\libgcc.a(_mulshisi3.o)
 .text.libgcc   0x00000000        0x0 c:/program files (x86)/atmel/studio/7.0/toolchain/avr8/avr8-gnu-toolchain/bin/../lib/gcc/avr/5.4.0/avr5\libgcc.a(_mulshisi3.o)
 .text.libgcc.prologue
                0x00000000        0x0 c:/program files (x86)/atmel/studio/7.0/toolchain/avr8/avr8-gnu-toolchain/bin/../lib/gcc/avr/5.4.0/avr5\libgcc.a(_mulshisi3.o)
 .text.libgcc.builtins
                0x00000000        0x0 c:/program files (x86)/atmel/studio/7.0/toolchain/avr8/avr8-gnu-toolchain/bin/../lib/gcc/avr/5.4.0/avr5\libgcc.a(_mulshisi3.o)
 .text.libgcc.fmul
                0x00000000        0x0 c:/program files (x86)/atmel/studio/7.0/toolchain/avr8/avr8-gnu-toolchain/bin/../lib/gcc/avr/5.4.0/avr5\libgcc.a(_mulshisi3.o)
 .text.libgcc.fixed
                0x00000000        0x0 c:/program files (x86)/atmel/studio/7.0/toolchain/avr8/avr8-gnu-toolchain/bin/../lib/gcc/avr/5.4.0/avr5\libgcc.a(_mulshisi3.o)
 .text          0x00000000        0x0 c:/program files (x86)/atmel/studio/7.0/toolchain/avr8/avr8-gnu-toolchain/bin/../lib/gcc/avr/5.4.0/avr5\libgcc.a(_prologue.o)
 .data          0x00000000        0x0 c:/program files (x86)/atmel/studio/7.0/toolchain/avr8/avr8-gnu-toolchain/bin/../lib/gcc/avr/5.4.0/avr5\libgcc.a(_prologue.o)
 .bss           0x00000000        0x0 c:/program files (x86)/atmel/studio/7.0/toolchain/avr8/avr8-gnu-toolchain/bin/../lib/gcc/avr/5.4.0/avr5\libgcc.a(_prologue.o)
 .text.libgcc.mul
                0x00000000        0x0 c:/program files (x86)/atmel/studio/7.0/toolchain/avr8/avr8-gnu-toolchain/bin/../lib/gcc/avr/5.4.0/avr5\libgcc.a(_prologue.o)
 .text.libgcc.div
                0x00000000        0x0 c:/program files (x86)/atmel/studio/7.0/toolchain/avr8/avr8-gnu-toolchain/bin/../lib/gcc/avr/5.4.0/avr5\libgcc.a(_prologue.o)
 .text.libgcc   0x00000000        0x0 c:/program files (x86)/atmel/studio/7.0/toolchain/avr8/avr8-gnu-toolchain/bin/../lib/gcc/avr/5.4.0/avr5\libgcc.a(_prologue.o)
 .text.libgcc.builtins
                0x00000000        0x0 c:/program files (x86)/atmel/studio/7.0/toolchain/avr8/avr8-gnu-toolchain/bin/../lib/gcc/avr/5.4.0/avr5\libgcc.a(_prologue.o)
 .text.libgcc.fmul
                0x00000000        0x0 c:/program files (x86)/atmel/studio/7.0/toolchain/avr8/avr8-gnu-toolchain/bin/../lib/gcc/avr/5.4.0/avr5\libgcc.a(_prologue.o)
 .text.libgcc.fixed
                0x00000000        0x0 c:/program files (x86)/atmel/studio/7.0/toolchain/avr8/avr8-gnu-toolchain/bin/../lib/gcc/avr/5.4.0/avr5\libgcc.a(_prologue.o)
 .text          0x00000000        0x0 c:/program files (x86)/atmel/studio/7.0/toolchain/avr8/avr8-gnu-toolchain/bin/../lib/gcc/avr/5.4.0/avr5\libgcc.a(_epilogue.o)
 .data          0x00000000        0x0 c:/program files (x86)/atmel/studio/7.0/toolchain/avr8/avr8-gnu-toolchain/bin/../lib/gcc/avr/5.4.0/avr5\libgcc.a(_epilogue.o)
 .bss           0x00000000        0x0 c:/program files (x86)/atmel/studio/7.0/toolchain/avr8/avr8-gnu-toolchain/bin/../lib/gcc/avr/5.4.0/avr5\libgcc.a(_epilogue.o)
 .text.libgcc.mul
                0x00000000        0x0 c:/program files (x86)/atmel/studio/7.0/toolchain/avr8/avr8-gnu-toolchain/bin/../lib/gcc/avr/5.4.0/avr5\libgcc.a(_epilogue.o)
 .text.libgcc.div
                0x00000000        0x0 c:/program files (x86)/atmel/studio/7.0/toolchain/avr8/avr8-gnu-toolchain/bin/../lib/gcc/avr/5.4.0/avr5\libgcc.a(_epilogue.o)
 .text.libgcc   0x00000000        0x0 c:/program files (x86)/atmel/studio/7.0/toolchain/avr8/avr8-gnu-toolchain/bin/../lib/gcc/avr/5.4.0/avr5\libgcc.a(_epilogue.o)
 .text.libgcc.builtins
                0x00000000        0x0 c:/program files (x86)/atmel/studio/7.0/toolchain/avr8/avr8-gnu-toolchain/bin/../lib/gcc/avr/5.4.0/avr5\libgcc.a(_epilogue.o)
 .text.libgcc.fmul
                0x00000000        0x0 c:/program files (x86)/atmel/studio/7.0/toolchain/avr8/avr8-gnu-toolchain/bin/../lib/gcc/avr/5.4.0/avr5\libgcc.a(_epilogue.o)
 .text.libgcc.fixed
                0x00000000        0x0 c:/program files (x86)/atmel/studio/7.0/toolchain/avr8/avr8-gnu-toolchain/bin/../lib/gcc/avr/5.4.0/avr5\libgcc.a(_epilogue.o)
 .text          0x00000000        0x0 c:/program files (x86)/atmel/studio/7.0/toolchain/avr8/avr8-gnu-toolchain/bin/../lib/gcc/avr/5.4.0/avr5\libgcc.a(_udivmodsi4.o)
 .data          0x00000000        0x0 c:/program files (x86)/atmel/studio/7.0/toolchain/avr8/avr8-gnu-toolchain/bin/../lib/gcc/avr/5.4.0/avr5\libgcc.a(_udivmodsi4.o)
 .bss           0x00000000        0x0 c:/program files (x86)/atmel/studio/7.0/toolchain/avr8/avr8-gnu-toolchain/bin/../lib/gcc/avr/5.4.0/avr5\libgcc.a(_udivmodsi4.o)
 .text.libgcc.mul
                0x00000000        0x0 c:/program files (x86)/atmel/studio/7.0/toolchain/avr8/avr8-gnu-toolchain/bin/../lib/gcc/avr/5.4.0/avr5\libgcc.a(_udivmodsi4.o)
 .text.libgcc.div
                0x00000000       0x44 c:/program files (x86)/atmel/studio/7.0/toolchain/avr8/avr8-gnu-toolchain/bin/../lib/gcc/avr/5.4.0/avr5\libgcc.a(_udivmodsi4.o)
 .text.libgcc   0x00000000        0x0 c:/program files (x86)/atmel/studio/7.0/toolchain/avr8/avr8-gnu-toolchain/bin/../lib/gcc/avr/5.4.0/avr5\libgcc.a(_udivmodsi4.o)
 .text.libgcc.prologue
                0x00000000        0x0 c:/program files (x86)/atmel/studio/7.0/toolchain/avr8/avr8-gnu-toolchain/bin/../lib/gcc/avr/5.4.0/avr5\libgcc.a(_udivmodsi4.o)
 .text.libgcc.builtins
                0x00000000        0x0 c:/program files (x86)/atmel/studio/7.0/toolchain/avr8/avr8-gnu-toolchain/bin/../lib/gcc/avr/5.4.0/avr5\libgcc.a(_udivmodsi4.o)
 .text.libgcc.fmul
                0x00000000        0x0 c:/program files (x86)/atmel/studio/7.0/toolchain/avr8/avr8-gnu-toolchain/bin/../lib/gcc/avr/5.4.0/avr5\libgcc.a(_udivmodsi4.o)
 .text.libgcc.fixed
                0x00000000        0x0 c:/program files (x86)/atmel/studio/7.0/toolchain/avr8/avr8-gnu-toolchain/bin/../lib/gcc/avr/5.4.0/avr5\libgcc.a(_udivmodsi4.o)
 .text          0x00000000        0x0 c:/program files (x86)/atmel/studio/7.0/toolchain/avr8/avr8-gnu-toolchain/bin/../lib/gcc/avr/5.4.0/avr5\libgcc.a(_umulhisi3.o)
 .data          0x00000000        0x0 c:/program files (x86)/atmel/studio/7.0/toolchain/avr8/avr8-gnu-toolchain/bin/../lib/gcc/avr/5.4.0/avr5\libgcc.a(_umulhisi3.o)
 .bss           0x00000000        0x0 c:/program files (x86)/atmel/studio/7.0/toolchain/avr8/avr8-gnu-toolchain/bin/../lib/gcc/avr/5.4.0/avr5\libgcc.a(_umulhisi3.o)
 .text.libgcc.mul
                0x00000000       0x1e c:/program files (x86)/atmel/studio/7.0/toolchain/avr8/avr8-gnu-toolchain/bin/../lib/gcc/avr/5.4.0/avr5\libgcc.a(_umulhisi3.o)
 .text.libgcc.div
                0x00000000        0x0 c:/program files (x86)/atmel/studio/7.0/toolchain/avr8/avr8-gnu-toolchain/bin/../lib/gcc/avr/5.4.0/avr5\libgcc.a(_umulhisi3.o)
 .text.libgcc   0x00000000        0x0 c:/program files (x86)/atmel/studio/7.0/toolchain/avr8/avr8-gnu-toolchain/bin/../lib/gcc/avr/5.4.0/avr5\libgcc.a(_umulhisi3.o)
 .text.libgcc.prologue
                0x00000000        0x0 c:/program files (x86)/atmel/studio/7.0/toolchain/avr8/avr8-gnu-toolchain/bin/../lib/gcc/avr/5.4.0/avr5\libgcc.a(_umulhisi3.o)
 .text.libgcc.builtins
                0x00000000        0x0 c:/program files (x86)/atmel/studio/7.0/toolchain/avr8/avr8-gnu-toolchain/bin/../lib/gcc/avr/5.4.0/avr5\libgcc.a(_umulhisi3.o)
 .text.libgcc.fmul
                0x00000000        0x0 c:/program files (x86)/atmel/studio/7.0/toolchain/avr8/avr8-gnu-toolchain/bin/../lib/gcc/avr/5.4.0/avr5\libgcc.a(_umulhisi3.o)
 .text.libgcc.fixed
                0x00000000        0x0 c:/program files (x86)/atmel/studio/7.0/toolchain/avr8/avr8-gnu-toolchain/bin/../lib/gcc/avr/5.4.0/avr5\libgcc.a(_umulhisi3.o)

Memory Configuration

Name             Origin             Length             Attributes
text             0x00000000         0x00020000         xr
data             0x00800060         0x0000ffa0         rw !x
eeprom           0x00810000         0x00010000         rw !x
fuse             0x00820000         0x00000003         rw !x
lock             0x00830000         0x00000400         rw !x
signature        0x00840000         0x00000400         rw !x
user_signatures  0x00850000         0x00000400         rw !x
*default*        0x00000000         0xffffffff

Linker script and memory map

Address of section .data set to 0x800100
LOAD C:/Program Files (x86)/Atmel/Studio/7.0/Packs/atmel/ATmega_DFP/1.2.209/gcc/dev/atmega162/avr5/crtatmega162.o
LOAD Analog/ADC.o
LOAD Analog/Joystick.o
LOAD Analog/Slider.o
LOAD CAN/CAN.o
LOAD CAN/CAN_driver.o
LOAD CAN/msg_handler.o
LOAD CAN/SPI.o
LOAD Exercise/Exercise.o
LOAD main.o
LOAD Menu/OLED_menu.o
LOAD OLED/fonts.o
LOAD OLED/Fonts/font4x6.o
LOAD OLED/Fonts/font5x7.o
LOAD OLED/Fonts/font5x7w.o
LOAD OLED/Fonts/font8x8.o
LOAD OLED/OLED.o
LOAD PWM.o
LOAD SRAM/SRAM.o
LOAD Timer.o
LOAD UART/UART.o
LOAD utility.o
START GROUP
LOAD c:/program files (x86)/atmel/studio/7.0/toolchain/avr8/avr8-gnu-toolchain/bin/../lib/gcc/avr/5.4.0/../../../../avr/lib/avr5\libm.a
END GROUP
START GROUP
LOAD c:/program files (x86)/atmel/studio/7.0/toolchain/avr8/avr8-gnu-toolchain/bin/../lib/gcc/avr/5.4.0/avr5\libgcc.a
LOAD c:/program files (x86)/atmel/studio/7.0/toolchain/avr8/avr8-gnu-toolchain/bin/../lib/gcc/avr/5.4.0/../../../../avr/lib/avr5\libm.a
LOAD c:/program files (x86)/atmel/studio/7.0/toolchain/avr8/avr8-gnu-toolchain/bin/../lib/gcc/avr/5.4.0/../../../../avr/lib/avr5\libc.a
LOAD C:/Program Files (x86)/Atmel/Studio/7.0/Packs/atmel/ATmega_DFP/1.2.209/gcc/dev/atmega162/avr5\libatmega162.a
END GROUP
                0x00020000                __TEXT_REGION_LENGTH__ = DEFINED (__TEXT_REGION_LENGTH__)?__TEXT_REGION_LENGTH__:0x20000
                0x0000ffa0                __DATA_REGION_LENGTH__ = DEFINED (__DATA_REGION_LENGTH__)?__DATA_REGION_LENGTH__:0xffa0
                0x00010000                __EEPROM_REGION_LENGTH__ = DEFINED (__EEPROM_REGION_LENGTH__)?__EEPROM_REGION_LENGTH__:0x10000
                [0x00000003]                __FUSE_REGION_LENGTH__ = DEFINED (__FUSE_REGION_LENGTH__)?__FUSE_REGION_LENGTH__:0x400
                0x00000400                __LOCK_REGION_LENGTH__ = DEFINED (__LOCK_REGION_LENGTH__)?__LOCK_REGION_LENGTH__:0x400
                0x00000400                __SIGNATURE_REGION_LENGTH__ = DEFINED (__SIGNATURE_REGION_LENGTH__)?__SIGNATURE_REGION_LENGTH__:0x400
                0x00000400                __USER_SIGNATURE_REGION_LENGTH__ = DEFINED (__USER_SIGNATURE_REGION_LENGTH__)?__USER_SIGNATURE_REGION_LENGTH__:0x400

.hash
 *(.hash)

.dynsym
 *(.dynsym)

.dynstr
 *(.dynstr)

.gnu.version
 *(.gnu.version)

.gnu.version_d
 *(.gnu.version_d)

.gnu.version_r
 *(.gnu.version_r)

.rel.init
 *(.rel.init)

.rela.init
 *(.rela.init)

.rel.text
 *(.rel.text)
 *(.rel.text.*)
 *(.rel.gnu.linkonce.t*)

.rela.text
 *(.rela.text)
 *(.rela.text.*)
 *(.rela.gnu.linkonce.t*)

.rel.fini
 *(.rel.fini)

.rela.fini
 *(.rela.fini)

.rel.rodata
 *(.rel.rodata)
 *(.rel.rodata.*)
 *(.rel.gnu.linkonce.r*)

.rela.rodata
 *(.rela.rodata)
 *(.rela.rodata.*)
 *(.rela.gnu.linkonce.r*)

.rel.data
 *(.rel.data)
 *(.rel.data.*)
 *(.rel.gnu.linkonce.d*)

.rela.data
 *(.rela.data)
 *(.rela.data.*)
 *(.rela.gnu.linkonce.d*)

.rel.ctors
 *(.rel.ctors)

.rela.ctors
 *(.rela.ctors)

.rel.dtors
 *(.rel.dtors)

.rela.dtors
 *(.rela.dtors)

.rel.got
 *(.rel.got)

.rela.got
 *(.rela.got)

.rel.bss
 *(.rel.bss)

.rela.bss
 *(.rela.bss)

.rel.plt
 *(.rel.plt)

.rela.plt
 *(.rela.plt)

.text           0x00000000     0x1dd4
 *(.vectors)
 .vectors       0x00000000       0x70 C:/Program Files (x86)/Atmel/Studio/7.0/Packs/atmel/ATmega_DFP/1.2.209/gcc/dev/atmega162/avr5/crtatmega162.o
                0x00000000                __vector_default
                0x00000000                __vectors
 *(.vectors)
 *(.progmem.gcc*)
                0x00000070                . = ALIGN (0x2)
                0x00000070                __trampolines_start = .
 *(.trampolines)
 .trampolines   0x00000070        0x0 linker stubs
 *(.trampolines*)
                0x00000070                __trampolines_end = .
 *libprintf_flt.a:*(.progmem.data)
 *libc.a:*(.progmem.data)
 *(.progmem*)
 .progmem.data.font8
                0x00000070      0x2f8 OLED/fonts.o
                0x00000070                font8
                0x00000368                . = ALIGN (0x2)
 *(.jumptables)
 *(.jumptables*)
 *(.lowtext)
 *(.lowtext*)
                0x00000368                __ctors_start = .
 *(.ctors)
                0x00000368                __ctors_end = .
                0x00000368                __dtors_start = .
 *(.dtors)
                0x00000368                __dtors_end = .
 SORT(*)(.ctors)
 SORT(*)(.dtors)
 *(.init0)
 .init0         0x00000368        0x0 C:/Program Files (x86)/Atmel/Studio/7.0/Packs/atmel/ATmega_DFP/1.2.209/gcc/dev/atmega162/avr5/crtatmega162.o
                0x00000368                __init
 *(.init0)
 *(.init1)
 *(.init1)
 *(.init2)
 .init2         0x00000368        0xc C:/Program Files (x86)/Atmel/Studio/7.0/Packs/atmel/ATmega_DFP/1.2.209/gcc/dev/atmega162/avr5/crtatmega162.o
 *(.init2)
 *(.init3)
 *(.init3)
 *(.init4)
 .init4         0x00000374       0x16 c:/program files (x86)/atmel/studio/7.0/toolchain/avr8/avr8-gnu-toolchain/bin/../lib/gcc/avr/5.4.0/avr5\libgcc.a(_copy_data.o)
                0x00000374                __do_copy_data
 .init4         0x0000038a       0x10 c:/program files (x86)/atmel/studio/7.0/toolchain/avr8/avr8-gnu-toolchain/bin/../lib/gcc/avr/5.4.0/avr5\libgcc.a(_clear_bss.o)
                0x0000038a                __do_clear_bss
 *(.init4)
 *(.init5)
 *(.init5)
 *(.init6)
 *(.init6)
 *(.init7)
 *(.init7)
 *(.init8)
 *(.init8)
 *(.init9)
 .init9         0x0000039a        0x8 C:/Program Files (x86)/Atmel/Studio/7.0/Packs/atmel/ATmega_DFP/1.2.209/gcc/dev/atmega162/avr5/crtatmega162.o
 *(.init9)
 *(.text)
 .text          0x000003a2        0x4 C:/Program Files (x86)/Atmel/Studio/7.0/Packs/atmel/ATmega_DFP/1.2.209/gcc/dev/atmega162/avr5/crtatmega162.o
                0x000003a2                __vector_22
                0x000003a2                __vector_24
                0x000003a2                __vector_12
                0x000003a2                __bad_interrupt
                0x000003a2                __vector_6
                0x000003a2                __vector_23
                0x000003a2                __vector_25
                0x000003a2                __vector_11
                0x000003a2                __vector_13
                0x000003a2                __vector_17
                0x000003a2                __vector_19
                0x000003a2                __vector_7
                0x000003a2                __vector_27
                0x000003a2                __vector_5
                0x000003a2                __vector_4
                0x000003a2                __vector_9
                0x000003a2                __vector_2
                0x000003a2                __vector_21
                0x000003a2                __vector_8
                0x000003a2                __vector_26
                0x000003a2                __vector_14
                0x000003a2                __vector_10
                0x000003a2                __vector_16
                0x000003a2                __vector_18
                0x000003a2                __vector_20
                0x000003a6                . = ALIGN (0x2)
 *(.text.*)
 .text.ADC_init
                0x000003a6        0x6 Analog/ADC.o
                0x000003a6                ADC_init
 .text.ADC_get_conversion
                0x000003ac       0x1c Analog/ADC.o
                0x000003ac                ADC_get_conversion
 .text.__vector_3
                0x000003c8       0x5e Analog/Joystick.o
                0x000003c8                __vector_3
 .text.Joystick_Calibrate
                0x00000426       0x22 Analog/Joystick.o
                0x00000426                Joystick_Calibrate
 .text.Joystick_init
                0x00000448       0x24 Analog/Joystick.o
                0x00000448                Joystick_init
 .text.Joystick_get_position
                0x0000046c       0x9a Analog/Joystick.o
                0x0000046c                Joystick_get_position
 .text.Joystick_get_direction
                0x00000506       0x76 Analog/Joystick.o
                0x00000506                Joystick_get_direction
 .text.Joystick_read_button
                0x0000057c       0x1e Analog/Joystick.o
                0x0000057c                Joystick_read_button
 .text.slider_init
                0x0000059a        0x6 Analog/Slider.o
                0x0000059a                slider_init
 .text.Slider_get_position
                0x000005a0       0x2a Analog/Slider.o
                0x000005a0                Slider_get_position
 .text.CAN_init
                0x000005ca       0x96 CAN/CAN.o
                0x000005ca                CAN_init
 .text.CAN_receive
                0x00000660       0xa8 CAN/CAN.o
                0x00000660                CAN_receive
 .text.__vector_1
                0x00000708       0xec CAN/CAN.o
                0x00000708                __vector_1
 .text.CAN_TXcomplete
                0x000007f4       0x34 CAN/CAN.o
                0x000007f4                CAN_TXcomplete
 .text.CAN_send
                0x00000828       0xce CAN/CAN.o
                0x00000828                CAN_send
 .text.mcp_activate
                0x000008f6        0x4 CAN/CAN_driver.o
                0x000008f6                mcp_activate
 .text.mcp_deactivate
                0x000008fa        0x4 CAN/CAN_driver.o
                0x000008fa                mcp_deactivate
 .text.mcp_2515_reset
                0x000008fe       0x1c CAN/CAN_driver.o
                0x000008fe                mcp_2515_reset
 .text.mcp_2515_read
                0x0000091a       0x24 CAN/CAN_driver.o
                0x0000091a                mcp_2515_read
 .text.mcp_2515_write
                0x0000093e       0x28 CAN/CAN_driver.o
                0x0000093e                mcp_2515_write
 .text.mcp_2515_set_mode
                0x00000966        0xa CAN/CAN_driver.o
                0x00000966                mcp_2515_set_mode
 .text.mcp_2515_init
                0x00000970       0x70 CAN/CAN_driver.o
                0x00000970                mcp_2515_init
 .text.mcp_2515_request_to_send
                0x000009e0       0x16 CAN/CAN_driver.o
                0x000009e0                mcp_2515_request_to_send
 .text.mcp_2515_bit_modify
                0x000009f6       0x34 CAN/CAN_driver.o
                0x000009f6                mcp_2515_bit_modify
 .text.msg_handler
                0x00000a2a       0x6a CAN/msg_handler.o
                0x00000a2a                msg_handler
 .text.Send_msg
                0x00000a94       0x88 CAN/msg_handler.o
                0x00000a94                Send_msg
 .text.SPI_init
                0x00000b1c       0x10 CAN/SPI.o
                0x00000b1c                SPI_init
 .text.SPI_write
                0x00000b2c        0x8 CAN/SPI.o
                0x00000b2c                SPI_write
 .text.SPI_read
                0x00000b34        0xa CAN/SPI.o
                0x00000b34                SPI_read
 .text.GPIO_init
                0x00000b3e       0x2e main.o
                0x00000b3e                GPIO_init
 .text.Send_position
                0x00000b6c       0x70 main.o
                0x00000b6c                Send_position
 .text.main     0x00000bdc       0xbc main.o
                0x00000bdc                main
 .text.Menu_function_start_game
                0x00000c98       0xda Menu/OLED_menu.o
                0x00000c98                Menu_function_start_game
 .text.Menu_create_menu
                0x00000d72       0x3e Menu/OLED_menu.o
                0x00000d72                Menu_create_menu
 .text.Menu_allocate_child
                0x00000db0       0x34 Menu/OLED_menu.o
                0x00000db0                Menu_allocate_child
 .text.Menu_print_menu
                0x00000de4       0x9e Menu/OLED_menu.o
                0x00000de4                Menu_print_menu
 .text.Menu_init
                0x00000e82      0x110 Menu/OLED_menu.o
                0x00000e82                Menu_init
 .text.Menu_selection
                0x00000f92      0x14a Menu/OLED_menu.o
                0x00000f92                Menu_selection
 .text.Menu_write_score
                0x000010dc       0x70 Menu/OLED_menu.o
                0x000010dc                Menu_write_score
 .text.Menu_write_game_over
                0x0000114c       0x80 Menu/OLED_menu.o
                0x0000114c                Menu_write_game_over
 .text.OLED_goto_line
                0x000011cc        0xc OLED/OLED.o
                0x000011cc                OLED_goto_line
 .text.OLED_goto_column
                0x000011d8       0x18 OLED/OLED.o
                0x000011d8                OLED_goto_column
 .text.OLED_goto
                0x000011f0       0x12 OLED/OLED.o
                0x000011f0                OLED_goto
 .text.OLED_clear_line
                0x00001202       0x24 OLED/OLED.o
                0x00001202                OLED_clear_line
 .text.OLED_home
                0x00001226        0xa OLED/OLED.o
                0x00001226                OLED_home
 .text.OLED_clear
                0x00001230       0x18 OLED/OLED.o
                0x00001230                OLED_clear
 .text.OLED_init
                0x00001248       0x64 OLED/OLED.o
                0x00001248                OLED_init
 .text.OLED_write_char
                0x000012ac       0x26 OLED/OLED.o
                0x000012ac                OLED_write_char
 .text.OLED_INV_write_char
                0x000012d2       0x28 OLED/OLED.o
                0x000012d2                OLED_INV_write_char
 .text.OLED_write_string
                0x000012fa       0x32 OLED/OLED.o
                0x000012fa                OLED_write_string
 .text.OLED_INV_write_string
                0x0000132c       0x34 OLED/OLED.o
                0x0000132c                OLED_INV_write_string
 .text.PWM_init
                0x00001360       0x1a PWM.o
                0x00001360                PWM_init
 .text.SRAM_init
                0x0000137a        0xe SRAM/SRAM.o
                0x0000137a                SRAM_init
 .text.Timer1_init
                0x00001388       0x18 Timer.o
                0x00001388                Timer1_init
 .text.Timer1_stop
                0x000013a0        0x8 Timer.o
                0x000013a0                Timer1_stop
 .text.__vector_15
                0x000013a8       0x52 Timer.o
                0x000013a8                __vector_15
 .text.UART_putc
                0x000013fa        0x8 UART/UART.o
                0x000013fa                UART_putc
 .text.UART_recieve
                0x00001402        0x8 UART/UART.o
                0x00001402                UART_recieve
 .text.UART_init
                0x0000140a       0x2a UART/UART.o
                0x0000140a                UART_init
 .text.avr-libc
                0x00001434      0x242 c:/program files (x86)/atmel/studio/7.0/toolchain/avr8/avr8-gnu-toolchain/bin/../lib/gcc/avr/5.4.0/../../../../avr/lib/avr5\libc.a(malloc.o)
                0x00001434                malloc
                0x00001564                free
 .text.avr-libc
                0x00001676       0x1e c:/program files (x86)/atmel/studio/7.0/toolchain/avr8/avr8-gnu-toolchain/bin/../lib/gcc/avr/5.4.0/../../../../avr/lib/avr5\libc.a(strncpy.o)
                0x00001676                strncpy
 .text.avr-libc
                0x00001694       0x96 c:/program files (x86)/atmel/studio/7.0/toolchain/avr8/avr8-gnu-toolchain/bin/../lib/gcc/avr/5.4.0/../../../../avr/lib/avr5\libc.a(fdevopen.o)
                0x00001694                fdevopen
 .text.avr-libc
                0x0000172a       0x2c c:/program files (x86)/atmel/studio/7.0/toolchain/avr8/avr8-gnu-toolchain/bin/../lib/gcc/avr/5.4.0/../../../../avr/lib/avr5\libc.a(printf.o)
                0x0000172a                printf
 .text.avr-libc
                0x00001756       0x60 c:/program files (x86)/atmel/studio/7.0/toolchain/avr8/avr8-gnu-toolchain/bin/../lib/gcc/avr/5.4.0/../../../../avr/lib/avr5\libc.a(puts.o)
                0x00001756                puts
 .text.avr-libc
                0x000017b6       0x44 c:/program files (x86)/atmel/studio/7.0/toolchain/avr8/avr8-gnu-toolchain/bin/../lib/gcc/avr/5.4.0/../../../../avr/lib/avr5\libc.a(sprintf.o)
                0x000017b6                sprintf
 .text.avr-libc
                0x000017fa      0x3c2 c:/program files (x86)/atmel/studio/7.0/toolchain/avr8/avr8-gnu-toolchain/bin/../lib/gcc/avr/5.4.0/../../../../avr/lib/avr5\libc.a(vfprintf_std.o)
                0x000017fa                vfprintf
 .text.avr-libc
                0x00001bbc       0x38 c:/program files (x86)/atmel/studio/7.0/toolchain/avr8/avr8-gnu-toolchain/bin/../lib/gcc/avr/5.4.0/../../../../avr/lib/avr5\libc.a(calloc.o)
                0x00001bbc                calloc
 .text.avr-libc
                0x00001bf4       0x16 c:/program files (x86)/atmel/studio/7.0/toolchain/avr8/avr8-gnu-toolchain/bin/../lib/gcc/avr/5.4.0/../../../../avr/lib/avr5\libc.a(strnlen_P.o)
                0x00001bf4                strnlen_P
 .text.avr-libc
                0x00001c0a        0xe c:/program files (x86)/atmel/studio/7.0/toolchain/avr8/avr8-gnu-toolchain/bin/../lib/gcc/avr/5.4.0/../../../../avr/lib/avr5\libc.a(memset.o)
                0x00001c0a                memset
 .text.avr-libc
                0x00001c18       0x16 c:/program files (x86)/atmel/studio/7.0/toolchain/avr8/avr8-gnu-toolchain/bin/../lib/gcc/avr/5.4.0/../../../../avr/lib/avr5\libc.a(strnlen.o)
                0x00001c18                strnlen
 .text.avr-libc
                0x00001c2e       0x78 c:/program files (x86)/atmel/studio/7.0/toolchain/avr8/avr8-gnu-toolchain/bin/../lib/gcc/avr/5.4.0/../../../../avr/lib/avr5\libc.a(fputc.o)
                0x00001c2e                fputc
 .text.avr-libc
                0x00001ca6       0xbc c:/program files (x86)/atmel/studio/7.0/toolchain/avr8/avr8-gnu-toolchain/bin/../lib/gcc/avr/5.4.0/../../../../avr/lib/avr5\libc.a(ultoa_invert.o)
                0x00001ca6                __ultoa_invert
 .text.libgcc.prologue
                0x00001d62       0x38 c:/program files (x86)/atmel/studio/7.0/toolchain/avr8/avr8-gnu-toolchain/bin/../lib/gcc/avr/5.4.0/avr5\libgcc.a(_prologue.o)
                0x00001d62                __prologue_saves__
 .text.libgcc.prologue
                0x00001d9a       0x36 c:/program files (x86)/atmel/studio/7.0/toolchain/avr8/avr8-gnu-toolchain/bin/../lib/gcc/avr/5.4.0/avr5\libgcc.a(_epilogue.o)
                0x00001d9a                __epilogue_restores__
                0x00001dd0                . = ALIGN (0x2)
 *(.fini9)
 .fini9         0x00001dd0        0x0 c:/program files (x86)/atmel/studio/7.0/toolchain/avr8/avr8-gnu-toolchain/bin/../lib/gcc/avr/5.4.0/avr5\libgcc.a(_exit.o)
                0x00001dd0                _exit
                0x00001dd0                exit
 *(.fini9)
 *(.fini8)
 *(.fini8)
 *(.fini7)
 *(.fini7)
 *(.fini6)
 *(.fini6)
 *(.fini5)
 *(.fini5)
 *(.fini4)
 *(.fini4)
 *(.fini3)
 *(.fini3)
 *(.fini2)
 *(.fini2)
 *(.fini1)
 *(.fini1)
 *(.fini0)
 .fini0         0x00001dd0        0x4 c:/program files (x86)/atmel/studio/7.0/toolchain/avr8/avr8-gnu-toolchain/bin/../lib/gcc/avr/5.4.0/avr5\libgcc.a(_exit.o)
 *(.fini0)
                0x00001dd4                _etext = .

.data           0x00800100      0x1cc load address 0x00001dd4
                0x00800100                PROVIDE (__data_start, .)
 *(.data)
 .data          0x00800100        0x6 c:/program files (x86)/atmel/studio/7.0/toolchain/avr8/avr8-gnu-toolchain/bin/../lib/gcc/avr/5.4.0/../../../../avr/lib/avr5\libc.a(malloc.o)
                0x00800100                __malloc_heap_end
                0x00800102                __malloc_heap_start
                0x00800104                __malloc_margin
 *(.data*)
 .data.menu_ptr.2451
                0x00800106        0x2 Menu/OLED_menu.o
 *(.gnu.linkonce.d*)
 *(.rodata)
 *(.rodata*)
 .rodata.str1.1
                0x00800108        0x9 Analog/Joystick.o
 .rodata.str1.1
                0x00800111       0x5d CAN/CAN.o
 .rodata.str1.1
                0x0080016e       0x91 CAN/CAN_driver.o
 .rodata.str1.1
                0x008001ff       0xcd Menu/OLED_menu.o
 *(.gnu.linkonce.r*)
                0x008002cc                . = ALIGN (0x2)
                0x008002cc                _edata = .
                0x008002cc                PROVIDE (__data_end, .)

.bss            0x008002cc       0x7e
                0x008002cc                PROVIDE (__bss_start, .)
 *(.bss)
 *(.bss*)
 .bss.previous_dir.2163
                0x008002cc        0x1 Analog/Joystick.o
 .bss.previous_dir.2157
                0x008002cd        0x1 Analog/Joystick.o
 .bss.Joystick_button
                0x008002ce        0x1 Analog/Joystick.o
 .bss.buffer_number.2065
                0x008002cf        0x1 CAN/CAN.o
 .bss.flag      0x008002d0        0x2 CAN/CAN.o
 .bss.valid_messages
                0x008002d2        0x1 CAN/CAN.o
                0x008002d2                valid_messages
 .bss.CAN_BUFFER_CTR
                0x008002d3        0x1 CAN/CAN.o
                0x008002d3                CAN_BUFFER_CTR
 .bss.Heartbeat
                0x008002d4        0x1 CAN/msg_handler.o
                0x008002d4                Heartbeat
 .bss.Goal      0x008002d5        0x1 CAN/msg_handler.o
                0x008002d5                Goal
 .bss.start     0x008002d6        0x1 CAN/msg_handler.o
                0x008002d6                start
 .bss.ready     0x008002d7        0x1 CAN/msg_handler.o
                0x008002d7                ready
 .bss.current_score
                0x008002d8        0x2 main.o
                0x008002d8                current_score
 .bss.ms_tick   0x008002da        0x4 Timer.o
                0x008002da                ms_tick
 *(COMMON)
 COMMON         0x008002de       0x58 CAN/CAN.o
                0x008002de                CAN_INPUT_BUFFER
 COMMON         0x00800336        0x6 CAN/msg_handler.o
                0x00800336                position
 COMMON         0x0080033c        0x4 Menu/OLED_menu.o
                0x0080033c                current_menu
                0x0080033e                current_menu_size
 COMMON         0x00800340        0x4 c:/program files (x86)/atmel/studio/7.0/toolchain/avr8/avr8-gnu-toolchain/bin/../lib/gcc/avr/5.4.0/../../../../avr/lib/avr5\libc.a(malloc.o)
                0x00800340                __brkval
                0x00800342                __flp
 COMMON         0x00800344        0x6 c:/program files (x86)/atmel/studio/7.0/toolchain/avr8/avr8-gnu-toolchain/bin/../lib/gcc/avr/5.4.0/../../../../avr/lib/avr5\libc.a(iob.o)
                0x00800344                __iob
                0x0080034a                PROVIDE (__bss_end, .)
                0x00001dd4                __data_load_start = LOADADDR (.data)
                0x00001fa0                __data_load_end = (__data_load_start + SIZEOF (.data))

.noinit         0x0080034a        0x0
                [!provide]                PROVIDE (__noinit_start, .)
 *(.noinit*)
                [!provide]                PROVIDE (__noinit_end, .)
                0x0080034a                _end = .
                0x0080034a                PROVIDE (__heap_start, .)

.eeprom         0x00810000        0x0
 *(.eeprom*)
                0x00810000                __eeprom_end = .

.fuse
 *(.fuse)
 *(.lfuse)
 *(.hfuse)
 *(.efuse)

.lock
 *(.lock*)

.signature
 *(.signature*)

.user_signatures
 *(.user_signatures*)

.stab
 *(.stab)

.stabstr
 *(.stabstr)

.stab.excl
 *(.stab.excl)

.stab.exclstr
 *(.stab.exclstr)

.stab.index
 *(.stab.index)

.stab.indexstr
 *(.stab.indexstr)

.comment        0x00000000       0x5c
 *(.comment)
 .comment       0x00000000       0x30 Analog/ADC.o
                                 0x31 (size before relaxing)
 .comment       0x00000030       0x31 Analog/Joystick.o
 .comment       0x00000030       0x31 Analog/Slider.o
 .comment       0x00000030       0x31 CAN/CAN.o
 .comment       0x00000030       0x31 CAN/CAN_driver.o
 .comment       0x00000030       0x31 CAN/msg_handler.o
 .comment       0x00000030       0x31 CAN/SPI.o
 .comment       0x00000030       0x31 main.o
 .comment       0x00000030       0x31 Menu/OLED_menu.o
 .comment       0x00000030       0x31 OLED/fonts.o
 .comment       0x00000030       0x31 OLED/OLED.o
 .comment       0x00000030       0x31 PWM.o
 .comment       0x00000030       0x31 SRAM/SRAM.o
 .comment       0x00000030       0x31 Timer.o
 .comment       0x00000030       0x31 UART/UART.o
 .comment       0x00000030       0x31 c:/program files (x86)/atmel/studio/7.0/toolchain/avr8/avr8-gnu-toolchain/bin/../lib/gcc/avr/5.4.0/../../../../avr/lib/avr5\libc.a(malloc.o)
 .comment       0x00000030       0x31 c:/program files (x86)/atmel/studio/7.0/toolchain/avr8/avr8-gnu-toolchain/bin/../lib/gcc/avr/5.4.0/../../../../avr/lib/avr5\libc.a(fdevopen.o)
 .comment       0x00000030       0x31 c:/program files (x86)/atmel/studio/7.0/toolchain/avr8/avr8-gnu-toolchain/bin/../lib/gcc/avr/5.4.0/../../../../avr/lib/avr5\libc.a(iob.o)
 .comment       0x00000030       0x31 c:/program files (x86)/atmel/studio/7.0/toolchain/avr8/avr8-gnu-toolchain/bin/../lib/gcc/avr/5.4.0/../../../../avr/lib/avr5\libc.a(printf.o)
 .comment       0x00000030       0x31 c:/program files (x86)/atmel/studio/7.0/toolchain/avr8/avr8-gnu-toolchain/bin/../lib/gcc/avr/5.4.0/../../../../avr/lib/avr5\libc.a(puts.o)
 .comment       0x00000030       0x31 c:/program files (x86)/atmel/studio/7.0/toolchain/avr8/avr8-gnu-toolchain/bin/../lib/gcc/avr/5.4.0/../../../../avr/lib/avr5\libc.a(sprintf.o)
 .comment       0x00000030       0x2c c:/program files (x86)/atmel/studio/7.0/toolchain/avr8/avr8-gnu-toolchain/bin/../lib/gcc/avr/5.4.0/../../../../avr/lib/avr5\libc.a(vfprintf_std.o)
                                 0x2d (size before relaxing)
 .comment       0x0000005c       0x31 c:/program files (x86)/atmel/studio/7.0/toolchain/avr8/avr8-gnu-toolchain/bin/../lib/gcc/avr/5.4.0/../../../../avr/lib/avr5\libc.a(calloc.o)
 .comment       0x0000005c       0x31 c:/program files (x86)/atmel/studio/7.0/toolchain/avr8/avr8-gnu-toolchain/bin/../lib/gcc/avr/5.4.0/../../../../avr/lib/avr5\libc.a(fputc.o)

.note.gnu.avr.deviceinfo
                0x00000000       0x3c
 .note.gnu.avr.deviceinfo
                0x00000000       0x3c C:/Program Files (x86)/Atmel/Studio/7.0/Packs/atmel/ATmega_DFP/1.2.209/gcc/dev/atmega162/avr5/crtatmega162.o

.note.gnu.build-id
 *(.note.gnu.build-id)

.debug
 *(.debug)

.line
 *(.line)

.debug_srcinfo
 *(.debug_srcinfo)

.debug_sfnames
 *(.debug_sfnames)

.debug_aranges  0x00000000      0x3e8
 *(.debug_aranges)
 .debug_aranges
                0x00000000       0x30 Analog/ADC.o
 .debug_aranges
                0x00000030       0x48 Analog/Joystick.o
 .debug_aranges
                0x00000078       0x30 Analog/Slider.o
 .debug_aranges
                0x000000a8       0x68 CAN/CAN.o
 .debug_aranges
                0x00000110       0x68 CAN/CAN_driver.o
 .debug_aranges
                0x00000178       0x28 CAN/msg_handler.o
 .debug_aranges
                0x000001a0       0x30 CAN/SPI.o
 .debug_aranges
                0x000001d0       0x38 main.o
 .debug_aranges
                0x00000208       0x60 Menu/OLED_menu.o
 .debug_aranges
                0x00000268       0x18 OLED/fonts.o
 .debug_aranges
                0x00000280       0x98 OLED/OLED.o
 .debug_aranges
                0x00000318       0x20 PWM.o
 .debug_aranges
                0x00000338       0x40 SRAM/SRAM.o
 .debug_aranges
                0x00000378       0x38 Timer.o
 .debug_aranges
                0x000003b0       0x38 UART/UART.o

.debug_pubnames
 *(.debug_pubnames)

.debug_info     0x00000000     0x3f6b
 *(.debug_info .gnu.linkonce.wi.*)
 .debug_info    0x00000000      0x5d0 C:/Program Files (x86)/Atmel/Studio/7.0/Packs/atmel/ATmega_DFP/1.2.209/gcc/dev/atmega162/avr5/crtatmega162.o
 .debug_info    0x000005d0      0x183 Analog/ADC.o
 .debug_info    0x00000753      0x346 Analog/Joystick.o
 .debug_info    0x00000a99      0x1db Analog/Slider.o
 .debug_info    0x00000c74      0x90f CAN/CAN.o
 .debug_info    0x00001583      0x506 CAN/CAN_driver.o
 .debug_info    0x00001a89      0x2a7 CAN/msg_handler.o
 .debug_info    0x00001d30       0xd6 CAN/SPI.o
 .debug_info    0x00001e06      0x586 main.o
 .debug_info    0x0000238c      0xcf6 Menu/OLED_menu.o
 .debug_info    0x00003082       0xe9 OLED/fonts.o
 .debug_info    0x0000316b      0x8c7 OLED/OLED.o
 .debug_info    0x00003a32       0x83 PWM.o
 .debug_info    0x00003ab5      0x247 SRAM/SRAM.o
 .debug_info    0x00003cfc       0xf9 Timer.o
 .debug_info    0x00003df5      0x176 UART/UART.o

.debug_abbrev   0x00000000     0x1882
 *(.debug_abbrev)
 .debug_abbrev  0x00000000      0x580 C:/Program Files (x86)/Atmel/Studio/7.0/Packs/atmel/ATmega_DFP/1.2.209/gcc/dev/atmega162/avr5/crtatmega162.o
 .debug_abbrev  0x00000580      0x11b Analog/ADC.o
 .debug_abbrev  0x0000069b      0x19e Analog/Joystick.o
 .debug_abbrev  0x00000839      0x14c Analog/Slider.o
 .debug_abbrev  0x00000985      0x208 CAN/CAN.o
 .debug_abbrev  0x00000b8d      0x19c CAN/CAN_driver.o
 .debug_abbrev  0x00000d29      0x133 CAN/msg_handler.o
 .debug_abbrev  0x00000e5c       0x92 CAN/SPI.o
 .debug_abbrev  0x00000eee      0x20a main.o
 .debug_abbrev  0x000010f8      0x275 Menu/OLED_menu.o
 .debug_abbrev  0x0000136d       0x50 OLED/fonts.o
 .debug_abbrev  0x000013bd      0x1ed OLED/OLED.o
 .debug_abbrev  0x000015aa       0x51 PWM.o
 .debug_abbrev  0x000015fb      0x117 SRAM/SRAM.o
 .debug_abbrev  0x00001712       0x81 Timer.o
 .debug_abbrev  0x00001793       0xef UART/UART.o

.debug_line     0x00000000     0x2123
 *(.debug_line .debug_line.* .debug_line_end)
 .debug_line    0x00000000      0x13f C:/Program Files (x86)/Atmel/Studio/7.0/Packs/atmel/ATmega_DFP/1.2.209/gcc/dev/atmega162/avr5/crtatmega162.o
 .debug_line    0x0000013f      0x12c Analog/ADC.o
 .debug_line    0x0000026b      0x271 Analog/Joystick.o
 .debug_line    0x000004dc      0x11f Analog/Slider.o
 .debug_line    0x000005fb      0x428 CAN/CAN.o
 .debug_line    0x00000a23      0x2f5 CAN/CAN_driver.o
 .debug_line    0x00000d18      0x1b2 CAN/msg_handler.o
 .debug_line    0x00000eca       0xfe CAN/SPI.o
 .debug_line    0x00000fc8      0x34e main.o
 .debug_line    0x00001316      0x50c Menu/OLED_menu.o
 .debug_line    0x00001822       0x2d OLED/fonts.o
 .debug_line    0x0000184f      0x384 OLED/OLED.o
 .debug_line    0x00001bd3       0xb6 PWM.o
 .debug_line    0x00001c89      0x247 SRAM/SRAM.o
 .debug_line    0x00001ed0      0x10c Timer.o
 .debug_line    0x00001fdc      0x147 UART/UART.o

.debug_frame    0x00000000      0x9f4
 *(.debug_frame)
 .debug_frame   0x00000000       0x5c Analog/ADC.o
 .debug_frame   0x0000005c       0xec Analog/Joystick.o
 .debug_frame   0x00000148       0x54 Analog/Slider.o
 .debug_frame   0x0000019c      0x190 CAN/CAN.o
 .debug_frame   0x0000032c      0x10c CAN/CAN_driver.o
 .debug_frame   0x00000438       0x44 CAN/msg_handler.o
 .debug_frame   0x0000047c       0x44 CAN/SPI.o
 .debug_frame   0x000004c0       0x80 main.o
 .debug_frame   0x00000540      0x188 Menu/OLED_menu.o
 .debug_frame   0x000006c8      0x15c OLED/OLED.o
 .debug_frame   0x00000824       0x24 PWM.o
 .debug_frame   0x00000848       0xd8 SRAM/SRAM.o
 .debug_frame   0x00000920       0x74 Timer.o
 .debug_frame   0x00000994       0x60 UART/UART.o

.debug_str      0x00000000      0xd21
 *(.debug_str)
 .debug_str     0x00000000      0x1f6 C:/Program Files (x86)/Atmel/Studio/7.0/Packs/atmel/ATmega_DFP/1.2.209/gcc/dev/atmega162/avr5/crtatmega162.o
 .debug_str     0x000001f6      0x18a Analog/ADC.o
                                0x1c8 (size before relaxing)
 .debug_str     0x00000380      0x134 Analog/Joystick.o
                                0x2d1 (size before relaxing)
 .debug_str     0x000004b4       0x6a Analog/Slider.o
                                0x231 (size before relaxing)
 .debug_str     0x0000051e      0x212 CAN/CAN.o
                                0x3ca (size before relaxing)
 .debug_str     0x00000730       0xd9 CAN/CAN_driver.o
                                0x2dc (size before relaxing)
 .debug_str     0x00000809       0x6c CAN/msg_handler.o
                                0x268 (size before relaxing)
 .debug_str     0x00000875       0x13 CAN/SPI.o
                                0x19e (size before relaxing)
 .debug_str     0x00000888       0xdd main.o
                                0x3c3 (size before relaxing)
 .debug_str     0x00000965      0x1c7 Menu/OLED_menu.o
                                0x46c (size before relaxing)
 .debug_str     0x00000b2c       0x22 OLED/fonts.o
                                0x184 (size before relaxing)
 .debug_str     0x00000b4e       0xdb OLED/OLED.o
                                0x2e3 (size before relaxing)
 .debug_str     0x00000c29        0xb PWM.o
                                0x175 (size before relaxing)
 .debug_str     0x00000c34       0x77 SRAM/SRAM.o
                                0x201 (size before relaxing)
 .debug_str     0x00000cab       0x2e Timer.o
                                0x1be (size before relaxing)
 .debug_str     0x00000cd9       0x48 UART/UART.o
                                0x1c6 (size before relaxing)

.debug_loc      0x00000000     0x2398
 *(.debug_loc)
 .debug_loc     0x00000000       0xb6 Analog/ADC.o
 .debug_loc     0x000000b6      0x2cb Analog/Joystick.o
 .debug_loc     0x00000381       0xc6 Analog/Slider.o
 .debug_loc     0x00000447      0x5af CAN/CAN.o
 .debug_loc     0x000009f6      0x403 CAN/CAN_driver.o
 .debug_loc     0x00000df9      0x13b CAN/msg_handler.o
 .debug_loc     0x00000f34      0x1a2 main.o
 .debug_loc     0x000010d6      0x73c Menu/OLED_menu.o
 .debug_loc     0x00001812      0x6ad OLED/OLED.o
 .debug_loc     0x00001ebf      0x3f7 SRAM/SRAM.o
 .debug_loc     0x000022b6       0x63 Timer.o
 .debug_loc     0x00002319       0x7f UART/UART.o

.debug_macinfo
 *(.debug_macinfo)

.debug_weaknames
 *(.debug_weaknames)

.debug_funcnames
 *(.debug_funcnames)

.debug_typenames
 *(.debug_typenames)

.debug_varnames
 *(.debug_varnames)

.debug_pubtypes
 *(.debug_pubtypes)

.debug_ranges   0x00000000      0x350
 *(.debug_ranges)
 .debug_ranges  0x00000000       0x20 Analog/ADC.o
 .debug_ranges  0x00000020       0x38 Analog/Joystick.o
 .debug_ranges  0x00000058       0x20 Analog/Slider.o
 .debug_ranges  0x00000078       0x58 CAN/CAN.o
 .debug_ranges  0x000000d0       0x58 CAN/CAN_driver.o
 .debug_ranges  0x00000128       0x18 CAN/msg_handler.o
 .debug_ranges  0x00000140       0x20 CAN/SPI.o
 .debug_ranges  0x00000160       0x28 main.o
 .debug_ranges  0x00000188       0x50 Menu/OLED_menu.o
 .debug_ranges  0x000001d8       0x88 OLED/OLED.o
 .debug_ranges  0x00000260       0x10 PWM.o
 .debug_ranges  0x00000270       0x90 SRAM/SRAM.o
 .debug_ranges  0x00000300       0x28 Timer.o
 .debug_ranges  0x00000328       0x28 UART/UART.o

.debug_macro
 *(.debug_macro)
OUTPUT(NODE1.elf elf32-avr)
LOAD linker stubs
