Archive member included to satisfy reference by file (symbol)

c:/program files (x86)/atmel/studio/7.0/toolchain/arm/arm-gnu-toolchain/bin/../lib/gcc/arm-none-eabi/6.3.1/thumb/v7-m\libgcc.a(_arm_addsubdf3.o)
                              Control/Servo.o (__aeabi_dadd)
c:/program files (x86)/atmel/studio/7.0/toolchain/arm/arm-gnu-toolchain/bin/../lib/gcc/arm-none-eabi/6.3.1/thumb/v7-m\libgcc.a(_arm_muldivdf3.o)
                              Control/Servo.o (__aeabi_dmul)
c:/program files (x86)/atmel/studio/7.0/toolchain/arm/arm-gnu-toolchain/bin/../lib/gcc/arm-none-eabi/6.3.1/thumb/v7-m\libgcc.a(_arm_fixdfsi.o)
                              Control/Servo.o (__aeabi_d2iz)
c:/program files (x86)/atmel/studio/7.0/toolchain/arm/arm-gnu-toolchain/bin/../lib/gcc/arm-none-eabi/6.3.1/thumb/v7-m\libgcc.a(_arm_fixunsdfsi.o)
                              Control/Servo.o (__aeabi_d2uiz)
c:/program files (x86)/atmel/studio/7.0/toolchain/arm/arm-gnu-toolchain/bin/../lib/gcc/arm-none-eabi/6.3.1/thumb/v7-m\libgcc.a(_arm_addsubsf3.o)
                              Control/PID.o (__aeabi_fadd)
c:/program files (x86)/atmel/studio/7.0/toolchain/arm/arm-gnu-toolchain/bin/../lib/gcc/arm-none-eabi/6.3.1/thumb/v7-m\libgcc.a(_arm_muldivsf3.o)
                              Control/PID.o (__aeabi_fmul)
c:/program files (x86)/atmel/studio/7.0/toolchain/arm/arm-gnu-toolchain/bin/../lib/gcc/arm-none-eabi/6.3.1/thumb/v7-m\libgcc.a(_arm_cmpsf2.o)
                              Control/Motor.o (__aeabi_fcmplt)
c:/program files (x86)/atmel/studio/7.0/toolchain/arm/arm-gnu-toolchain/bin/../lib/gcc/arm-none-eabi/6.3.1/thumb/v7-m\libgcc.a(_arm_fixsfsi.o)
                              Control/PID.o (__aeabi_f2iz)
c:/program files (x86)/atmel/studio/7.0/toolchain/arm/arm-gnu-toolchain/bin/../lib/gcc/arm-none-eabi/6.3.1/../../../../arm-none-eabi/lib/thumb/v7-m\libc.a(lib_a-exit.o)
                              c:/program files (x86)/atmel/studio/7.0/toolchain/arm/arm-gnu-toolchain/bin/../lib/gcc/arm-none-eabi/6.3.1/../../../../arm-none-eabi/lib/thumb/v7-m/crt0.o (exit)
c:/program files (x86)/atmel/studio/7.0/toolchain/arm/arm-gnu-toolchain/bin/../lib/gcc/arm-none-eabi/6.3.1/../../../../arm-none-eabi/lib/thumb/v7-m\libc.a(lib_a-impure.o)
                              c:/program files (x86)/atmel/studio/7.0/toolchain/arm/arm-gnu-toolchain/bin/../lib/gcc/arm-none-eabi/6.3.1/../../../../arm-none-eabi/lib/thumb/v7-m\libc.a(lib_a-exit.o) (_global_impure_ptr)
c:/program files (x86)/atmel/studio/7.0/toolchain/arm/arm-gnu-toolchain/bin/../lib/gcc/arm-none-eabi/6.3.1/../../../../arm-none-eabi/lib/thumb/v7-m\libc.a(lib_a-init.o)
                              c:/program files (x86)/atmel/studio/7.0/toolchain/arm/arm-gnu-toolchain/bin/../lib/gcc/arm-none-eabi/6.3.1/../../../../arm-none-eabi/lib/thumb/v7-m/crt0.o (__libc_init_array)
c:/program files (x86)/atmel/studio/7.0/toolchain/arm/arm-gnu-toolchain/bin/../lib/gcc/arm-none-eabi/6.3.1/../../../../arm-none-eabi/lib/thumb/v7-m\libc.a(lib_a-memset.o)
                              c:/program files (x86)/atmel/studio/7.0/toolchain/arm/arm-gnu-toolchain/bin/../lib/gcc/arm-none-eabi/6.3.1/../../../../arm-none-eabi/lib/thumb/v7-m/crt0.o (memset)
c:/program files (x86)/atmel/studio/7.0/toolchain/arm/arm-gnu-toolchain/bin/../lib/gcc/arm-none-eabi/6.3.1/../../../../arm-none-eabi/lib/thumb/v7-m\libc.a(lib_a-__call_atexit.o)
                              c:/program files (x86)/atmel/studio/7.0/toolchain/arm/arm-gnu-toolchain/bin/../lib/gcc/arm-none-eabi/6.3.1/../../../../arm-none-eabi/lib/thumb/v7-m\libc.a(lib_a-exit.o) (__call_exitprocs)
c:/program files (x86)/atmel/studio/7.0/toolchain/arm/arm-gnu-toolchain/bin/../lib/gcc/arm-none-eabi/6.3.1/../../../../arm-none-eabi/lib/thumb/v7-m\libc.a(lib_a-atexit.o)
                              c:/program files (x86)/atmel/studio/7.0/toolchain/arm/arm-gnu-toolchain/bin/../lib/gcc/arm-none-eabi/6.3.1/../../../../arm-none-eabi/lib/thumb/v7-m\libc.a(lib_a-__call_atexit.o) (atexit)
c:/program files (x86)/atmel/studio/7.0/toolchain/arm/arm-gnu-toolchain/bin/../lib/gcc/arm-none-eabi/6.3.1/../../../../arm-none-eabi/lib/thumb/v7-m\libc.a(lib_a-fini.o)
                              c:/program files (x86)/atmel/studio/7.0/toolchain/arm/arm-gnu-toolchain/bin/../lib/gcc/arm-none-eabi/6.3.1/../../../../arm-none-eabi/lib/thumb/v7-m\libc.a(lib_a-__call_atexit.o) (__libc_fini_array)
c:/program files (x86)/atmel/studio/7.0/toolchain/arm/arm-gnu-toolchain/bin/../lib/gcc/arm-none-eabi/6.3.1/../../../../arm-none-eabi/lib/thumb/v7-m\libc.a(lib_a-lock.o)
                              c:/program files (x86)/atmel/studio/7.0/toolchain/arm/arm-gnu-toolchain/bin/../lib/gcc/arm-none-eabi/6.3.1/../../../../arm-none-eabi/lib/thumb/v7-m\libc.a(lib_a-__call_atexit.o) (__retarget_lock_acquire_recursive)
c:/program files (x86)/atmel/studio/7.0/toolchain/arm/arm-gnu-toolchain/bin/../lib/gcc/arm-none-eabi/6.3.1/../../../../arm-none-eabi/lib/thumb/v7-m\libc.a(lib_a-__atexit.o)
[...]
Memory Configuration

Name             Origin             Length             Attributes
rom              0x00080000         0x00080000         xr
ram              0x20000000         0x00018000         xrw
*default*        0x00000000         0xffffffff

Linker script and memory map

LOAD c:/program files (x86)/atmel/studio/7.0/toolchain/arm/arm-gnu-toolchain/bin/../lib/gcc/arm-none-eabi/6.3.1/thumb/v7-m/crti.o
LOAD c:/program files (x86)/atmel/studio/7.0/toolchain/arm/arm-gnu-toolchain/bin/../lib/gcc/arm-none-eabi/6.3.1/thumb/v7-m/crtbegin.o
LOAD c:/program files (x86)/atmel/studio/7.0/toolchain/arm/arm-gnu-toolchain/bin/../lib/gcc/arm-none-eabi/6.3.1/../../../../arm-none-eabi/lib/thumb/v7-m/crt0.o
LOAD Analog/ADC/ADC.o
LOAD Analog/DAC/DAC.o
LOAD Analog/IR.o
LOAD CAN/CAN.o
LOAD CAN/CAN_controller.o
LOAD CAN/CAN_interrupt.o
LOAD CAN/msg_handler.o
LOAD Control/Motor.o
LOAD Control/PID.o
LOAD Control/Servo.o
LOAD Control/Solenoid.o
LOAD Device_Startup/startup_sam3xa.o
LOAD Device_Startup/system_sam3xa.o
LOAD Exercise/Exercise.o
LOAD Game.o
LOAD main.o
LOAD Utility/Delay.o
LOAD Utility/printf-stdarg.o
LOAD Utility/PWM.o
LOAD Utility/Timer.o
LOAD Utility/UART.o
START GROUP
LOAD c:/program files (x86)/atmel/studio/7.0/toolchain/arm/arm-gnu-toolchain/bin/../lib/gcc/arm-none-eabi/6.3.1/../../../../arm-none-eabi/lib/thumb/v7-m\libm.a
END GROUP
START GROUP
LOAD c:/program files (x86)/atmel/studio/7.0/toolchain/arm/arm-gnu-toolchain/bin/../lib/gcc/arm-none-eabi/6.3.1/thumb/v7-m\libgcc.a
LOAD c:/program files (x86)/atmel/studio/7.0/toolchain/arm/arm-gnu-toolchain/bin/../lib/gcc/arm-none-eabi/6.3.1/../../../../arm-none-eabi/lib/thumb/v7-m\libc.a
END GROUP
LOAD c:/program files (x86)/atmel/studio/7.0/toolchain/arm/arm-gnu-toolchain/bin/../lib/gcc/arm-none-eabi/6.3.1/thumb/v7-m/crtend.o
LOAD c:/program files (x86)/atmel/studio/7.0/toolchain/arm/arm-gnu-toolchain/bin/../lib/gcc/arm-none-eabi/6.3.1/thumb/v7-m/crtn.o
                0x00000400                STACK_SIZE = DEFINED (STACK_SIZE)?STACK_SIZE:0x400
                0x00000200                HEAP_SIZE = DEFINED (HEAP_SIZE)?HEAP_SIZE:0x200

.text           0x00080000     0x2450
                0x00080000                . = ALIGN (0x4)
                0x00080000                _sfixed = .
 *(.vectors .vectors.*)
 .vectors       0x00080000       0xf4 Device_Startup/startup_sam3xa.o
                0x00080000                exception_table
 *(.text .text.* .gnu.linkonce.t.*)
 .text          0x000800f4       0x6c c:/program files (x86)/atmel/studio/7.0/toolchain/arm/arm-gnu-toolchain/bin/../lib/gcc/arm-none-eabi/6.3.1/thumb/v7-m/crtbegin.o
 .text.ADC_init
                0x00080160       0x28 Analog/ADC/ADC.o
                0x00080160                ADC_init
 .text.ADC_read
                0x00080188        0xc Analog/ADC/ADC.o
                0x00080188                ADC_read
 .text.DAC_init
                0x00080194       0x24 Analog/DAC/DAC.o
                0x00080194                DAC_init
 .text.DAC_write
                0x000801b8        0xc Analog/DAC/DAC.o
                0x000801b8                DAC_write
 .text.CAN_init
                0x000801c4       0x44 CAN/CAN.o
                0x000801c4                CAN_init
 .text.CAN_send
                0x00080208       0x10 CAN/CAN.o
                0x00080208                CAN_send
 .text.can_init
                0x00080218       0xf4 CAN/CAN_controller.o
                0x00080218                can_init
 .text.can_init_def_tx_rx_mb
                0x0008030c       0x10 CAN/CAN_controller.o
                0x0008030c                can_init_def_tx_rx_mb
 .text.can_send
                0x0008031c       0x8c CAN/CAN_controller.o
                0x0008031c                can_send
 .text.can_receive
                0x000803a8       0x84 CAN/CAN_controller.o
                0x000803a8                can_receive
 .text.CAN0_Handler
                0x0008042c       0xd0 CAN/CAN_interrupt.o
                0x0008042c                CAN0_Handler
 .text.msg_handler
                0x000804fc       0xb0 CAN/msg_handler.o
                0x000804fc                msg_handler
 .text.Send_msg
                0x000805ac       0xa0 CAN/msg_handler.o
                0x000805ac                Send_msg
 .text.TC6_Handler
                0x0008064c       0x18 CAN/msg_handler.o
                0x0008064c                TC6_Handler
 .text.Motor_enable
                0x00080664       0x20 Control/Motor.o
                0x00080664                Motor_enable
 .text.Encoder_output_enable
                0x00080684       0x10 Control/Motor.o
                0x00080684                Encoder_output_enable
 .text.Encoder_reset
                0x00080694       0x28 Control/Motor.o
                0x00080694                Encoder_reset
 .text.Motor_init
                0x000806bc       0x68 Control/Motor.o
                0x000806bc                Motor_init
 .text.Motor_set_direction
                0x00080724       0x28 Control/Motor.o
                0x00080724                Motor_set_direction
 .text.Motor_set_speed
                0x0008074c        0xc Control/Motor.o
                0x0008074c                Motor_set_speed
 .text.Encoder_read
                0x00080758       0x5c Control/Motor.o
                0x00080758                Encoder_read
 .text.Encoder_limit
                0x000807b4       0x68 Control/Motor.o
                0x000807b4                Encoder_limit
 .text.PID_init
                0x0008081c       0x34 Control/PID.o
                0x0008081c                PID_init
 .text.PID_encoder_init
                0x00080850       0x28 Control/PID.o
                0x00080850                PID_encoder_init
 .text.PID_stop
                0x00080878       0x18 Control/PID.o
                0x00080878                PID_stop
 .text.PID_start
                0x00080890       0x18 Control/PID.o
                0x00080890                PID_start
 .text.current_pos
                0x000808a8       0x1c Control/PID.o
                0x000808a8                current_pos
 .text.PID_regulator
                0x000808c4       0xf8 Control/PID.o
                0x000808c4                PID_regulator
 .text.TC0_Handler
                0x000809bc       0x14 Control/PID.o
                0x000809bc                TC0_Handler
 .text.Servo_calibrate
                0x000809d0       0x28 Control/Servo.o
                0x000809d0                Servo_calibrate
 .text.Servo_init
                0x000809f8       0x14 Control/Servo.o
                0x000809f8                Servo_init
 .text.Servo_calc_D
                0x00080a0c       0x22 Control/Servo.o
                0x00080a0c                Servo_calc_D
 *fill*         0x00080a2e        0x2 
 .text.Servo_set_position
                0x00080a30       0x40 Control/Servo.o
                0x00080a30                Servo_set_position
 .text.Solenoid_init
                0x00080a70       0x38 Control/Solenoid.o
                0x00080a70                Solenoid_init
 .text.Solenoid_shoot
                0x00080aa8       0x1c Control/Solenoid.o
                0x00080aa8                Solenoid_shoot
 .text.TC3_Handler
                0x00080ac4       0x24 Control/Solenoid.o
                0x00080ac4                TC3_Handler
 .text.Dummy_Handler
                0x00080ae8        0x2 Device_Startup/startup_sam3xa.o
                0x00080ae8                DACC_Handler
                0x00080ae8                DebugMon_Handler
                0x00080ae8                DMAC_Handler
                0x00080ae8                TRNG_Handler
                0x00080ae8                HardFault_Handler
                0x00080ae8                TC2_Handler
                0x00080ae8                SysTick_Handler
                0x00080ae8                USART3_Handler
                0x00080ae8                TWI1_Handler
                0x00080ae8                PendSV_Handler
                0x00080ae8                NMI_Handler
                0x00080ae8                TC7_Handler
                0x00080ae8                ADC_Handler
                0x00080ae8                SMC_Handler
                0x00080ae8                USART0_Handler
                0x00080ae8                RTT_Handler
                0x00080ae8                EFC1_Handler
                0x00080ae8                PIOB_Handler
                0x00080ae8                RTC_Handler
                0x00080ae8                UsageFault_Handler
                0x00080ae8                WDT_Handler
                0x00080ae8                TC4_Handler
                0x00080ae8                TC1_Handler
                0x00080ae8                HSMCI_Handler
                0x00080ae8                Dummy_Handler
                0x00080ae8                TWI0_Handler
                0x00080ae8                USART1_Handler
                0x00080ae8                PIOA_Handler
                0x00080ae8                SSC_Handler
                0x00080ae8                EFC0_Handler
                0x00080ae8                PMC_Handler
                0x00080ae8                PWM_Handler
                0x00080ae8                CAN1_Handler
                0x00080ae8                MemManage_Handler
                0x00080ae8                SUPC_Handler
                0x00080ae8                SVC_Handler
                0x00080ae8                TC8_Handler
                0x00080ae8                USART2_Handler
                0x00080ae8                PIOD_Handler
                0x00080ae8                EMAC_Handler
                0x00080ae8                PIOC_Handler
                0x00080ae8                BusFault_Handler
                0x00080ae8                RSTC_Handler
                0x00080ae8                TC5_Handler
                0x00080ae8                UOTGHS_Handler
                0x00080ae8                SPI0_Handler
 *fill*         0x00080aea        0x2 
 .text.Reset_Handler
                0x00080aec       0x88 Device_Startup/startup_sam3xa.o
                0x00080aec                Reset_Handler
 .text.SystemInit
                0x00080b74       0xa4 Device_Startup/system_sam3xa.o
                0x00080b74                SystemInit
 .text.IR_triggered
                0x00080c18       0x44 main.o
                0x00080c18                IR_triggered
 .text.setup    0x00080c5c       0x6c main.o
                0x00080c5c                setup
 .text.main     0x00080cc8       0xd8 main.o
                0x00080cc8                main
 .text.Delay_us
                0x00080da0       0x34 Utility/Delay.o
                0x00080da0                Delay_us
 .text.Delay_ms
                0x00080dd4       0x48 Utility/Delay.o
                0x00080dd4                Delay_ms
 .text.Delay    0x00080e1c        0xc Utility/Delay.o
                0x00080e1c                Delay
 .text.prints   0x00080e28       0xac Utility/printf-stdarg.o
 .text.printi   0x00080ed4       0xbc Utility/printf-stdarg.o
 .text.print    0x00080f90      0x160 Utility/printf-stdarg.o
 .text.printf   0x000810f0       0x24 Utility/printf-stdarg.o
                0x000810f0                printf
 .text.PWM_init
                0x00081114       0x98 Utility/PWM.o
                0x00081114                PWM_init
 .text.PWM_set_duty_cycle
                0x000811ac       0x3c Utility/PWM.o
                0x000811ac                PWM_set_duty_cycle
 .text.TC0_init
                0x000811e8       0x80 Utility/Timer.o
                0x000811e8                TC0_init
 .text.TC1_init
                0x00081268       0x7c Utility/Timer.o
                0x00081268                TC1_init
 *fill*         0x000812e4        0x4 
 .text.TC2_init
                0x000812e8       0x78 Utility/Timer.o
                0x000812e8                TC2_init
 .text.Timer_start
                0x00081360       0x48 Utility/Timer.o
                0x00081360                Timer_start
 .text.Timer_stop
                0x000813a8       0x3c Utility/Timer.o
                0x000813a8                Timer_stop
 .text.configure_uart
                0x000813e4       0x68 Utility/UART.o
                0x000813e4                configure_uart
 .text.uart_putchar
                0x0008144c       0x24 Utility/UART.o
                0x0008144c                uart_putchar
 .text.UART_Handler
                0x00081470       0x68 Utility/UART.o
                0x00081470                UART_Handler
 .text          0x000814d8      0x370 c:/program files (x86)/atmel/studio/7.0/toolchain/arm/arm-gnu-toolchain/bin/../lib/gcc/arm-none-eabi/6.3.1/thumb/v7-m\libgcc.a(_arm_addsubdf3.o)
                0x000814d8                __aeabi_drsub
                0x000814e0                __aeabi_dsub
                0x000814e0                __subdf3
                0x000814e4                __aeabi_dadd
                0x000814e4                __adddf3
                0x0008175c                __floatunsidf
                0x0008175c                __aeabi_ui2d
                0x0008177c                __floatsidf
                0x0008177c                __aeabi_i2d
                0x000817a0                __aeabi_f2d
                0x000817a0                __extendsfdf2
                0x000817dc                __floatundidf
                0x000817dc                __aeabi_ul2d
                0x000817ec                __floatdidf
                0x000817ec                __aeabi_l2d
 .text          0x00081848      0x424 c:/program files (x86)/atmel/studio/7.0/toolchain/arm/arm-gnu-toolchain/bin/../lib/gcc/arm-none-eabi/6.3.1/thumb/v7-m\libgcc.a(_arm_muldivdf3.o)
                0x00081848                __aeabi_dmul
                0x00081848                __muldf3
                0x00081a9c                __divdf3
                0x00081a9c                __aeabi_ddiv
 .text          0x00081c6c       0x40 c:/program files (x86)/atmel/studio/7.0/toolchain/arm/arm-gnu-toolchain/bin/../lib/gcc/arm-none-eabi/6.3.1/thumb/v7-m\libgcc.a(_arm_fixunsdfsi.o)
                0x00081c6c                __aeabi_d2uiz
                0x00081c6c                __fixunsdfsi
 .text          0x00081cac      0x21c c:/program files (x86)/atmel/studio/7.0/toolchain/arm/arm-gnu-toolchain/bin/../lib/gcc/arm-none-eabi/6.3.1/thumb/v7-m\libgcc.a(_arm_addsubsf3.o)
                0x00081cac                __aeabi_frsub
                0x00081cb4                __subsf3
                0x00081cb4                __aeabi_fsub
                0x00081cb8                __aeabi_fadd
                0x00081cb8                __addsf3
                0x00081e18                __aeabi_ui2f
                0x00081e18                __floatunsisf
                0x00081e20                __aeabi_i2f
                0x00081e20                __floatsisf
                0x00081e3c                __aeabi_ul2f
                0x00081e3c                __floatundisf
                0x00081e4c                __aeabi_l2f
                0x00081e4c                __floatdisf
 .text          0x00081ec8      0x2a0 c:/program files (x86)/atmel/studio/7.0/toolchain/arm/arm-gnu-toolchain/bin/../lib/gcc/arm-none-eabi/6.3.1/thumb/v7-m\libgcc.a(_arm_muldivsf3.o)
                0x00081ec8                __mulsf3
                0x00081ec8                __aeabi_fmul
                0x00082030                __aeabi_fdiv
                0x00082030                __divsf3
 .text          0x00082168       0x4c c:/program files (x86)/atmel/studio/7.0/toolchain/arm/arm-gnu-toolchain/bin/../lib/gcc/arm-none-eabi/6.3.1/thumb/v7-m\libgcc.a(_arm_fixsfsi.o)
                0x00082168                __aeabi_f2iz
                0x00082168                __fixsfsi
 .text.__libc_init_array
                0x000821b4       0x50 c:/program files (x86)/atmel/studio/7.0/toolchain/arm/arm-gnu-toolchain/bin/../lib/gcc/arm-none-eabi/6.3.1/../../../../arm-none-eabi/lib/thumb/v7-m\libc.a(lib_a-init.o)
                0x000821b4                __libc_init_array
 .text.startup.register_fini
                0x00082204       0x14 c:/program files (x86)/atmel/studio/7.0/toolchain/arm/arm-gnu-toolchain/bin/../lib/gcc/arm-none-eabi/6.3.1/../../../../arm-none-eabi/lib/thumb/v7-m\libc.a(lib_a-__call_atexit.o)
 .text.atexit   0x00082218        0xc c:/program files (x86)/atmel/studio/7.0/toolchain/arm/arm-gnu-toolchain/bin/../lib/gcc/arm-none-eabi/6.3.1/../../../../arm-none-eabi/lib/thumb/v7-m\libc.a(lib_a-atexit.o)
                0x00082218                atexit
 .text.__libc_fini_array
                0x00082224       0x34 c:/program files (x86)/atmel/studio/7.0/toolchain/arm/arm-gnu-toolchain/bin/../lib/gcc/arm-none-eabi/6.3.1/../../../../arm-none-eabi/lib/thumb/v7-m\libc.a(lib_a-fini.o)
                0x00082224                __libc_fini_array
 .text.__retarget_lock_acquire_recursive
                0x00082258        0x4 c:/program files (x86)/atmel/studio/7.0/toolchain/arm/arm-gnu-toolchain/bin/../lib/gcc/arm-none-eabi/6.3.1/../../../../arm-none-eabi/lib/thumb/v7-m\libc.a(lib_a-lock.o)
                0x00082258                __retarget_lock_acquire_recursive
 .text.__retarget_lock_release_recursive
                0x0008225c        0x4 c:/program files (x86)/atmel/studio/7.0/toolchain/arm/arm-gnu-toolchain/bin/../lib/gcc/arm-none-eabi/6.3.1/../../../../arm-none-eabi/lib/thumb/v7-m\libc.a(lib_a-lock.o)
                0x0008225c                __retarget_lock_release_recursive
 .text.__register_exitproc
                0x00082260       0xc4 c:/program files (x86)/atmel/studio/7.0/toolchain/arm/arm-gnu-toolchain/bin/../lib/gcc/arm-none-eabi/6.3.1/../../../../arm-none-eabi/lib/thumb/v7-m\libc.a(lib_a-__atexit.o)
                0x00082260                __register_exitproc
 *(.glue_7t)
 .glue_7t       0x00082324        0x0 linker stubs
 *(.glue_7)
 .glue_7        0x00082324        0x0 linker stubs
 *(.rodata .rodata* .gnu.linkonce.r.*)
 .rodata.str1.4
                0x00082324       0x6d CAN/msg_handler.o
 *fill*         0x00082391        0x3 
 .rodata.str1.4
                0x00082394        0x5 Control/Motor.o
 *fill*         0x00082399        0x3 
 .rodata.str1.4
                0x0008239c       0x3d Control/PID.o
 *fill*         0x000823d9        0x3 
 .rodata.str1.4
                0x000823dc       0x24 main.o
 .rodata.str1.4
                0x00082400        0x7 Utility/printf-stdarg.o
 *fill*         0x00082407        0x1 
 .rodata.str1.4
                0x00082408       0x20 Utility/UART.o
                                 0x1e (size before relaxing)
 .rodata._global_impure_ptr
                0x00082428        0x4 c:/program files (x86)/atmel/studio/7.0/toolchain/arm/arm-gnu-toolchain/bin/../lib/gcc/arm-none-eabi/6.3.1/../../../../arm-none-eabi/lib/thumb/v7-m\libc.a(lib_a-impure.o)
                0x00082428                _global_impure_ptr
 *(.ARM.extab* .gnu.linkonce.armextab.*)
                0x0008242c                . = ALIGN (0x4)
 *(.init)
 .init          0x0008242c        0x4 c:/program files (x86)/atmel/studio/7.0/toolchain/arm/arm-gnu-toolchain/bin/../lib/gcc/arm-none-eabi/6.3.1/thumb/v7-m/crti.o
                0x0008242c                _init
 .init          0x00082430        0x8 c:/program files (x86)/atmel/studio/7.0/toolchain/arm/arm-gnu-toolchain/bin/../lib/gcc/arm-none-eabi/6.3.1/thumb/v7-m/crtn.o
                0x00082438                . = ALIGN (0x4)
                0x00082438                __preinit_array_start = .
 *(.preinit_array)
                0x00082438                __preinit_array_end = .
                0x00082438                . = ALIGN (0x4)
                0x00082438                __init_array_start = .
 *(SORT(.init_array.*))
 .init_array.00000
                0x00082438        0x4 c:/program files (x86)/atmel/studio/7.0/toolchain/arm/arm-gnu-toolchain/bin/../lib/gcc/arm-none-eabi/6.3.1/../../../../arm-none-eabi/lib/thumb/v7-m\libc.a(lib_a-__call_atexit.o)
 *(.init_array)
 .init_array    0x0008243c        0x4 c:/program files (x86)/atmel/studio/7.0/toolchain/arm/arm-gnu-toolchain/bin/../lib/gcc/arm-none-eabi/6.3.1/thumb/v7-m/crtbegin.o
                0x00082440                __init_array_end = .
                0x00082440                . = ALIGN (0x4)
 *crtbegin.o(.ctors)
 *(EXCLUDE_FILE(*crtend.o) .ctors)
 *(SORT(.ctors.*))
 *crtend.o(.ctors)
                0x00082440                . = ALIGN (0x4)
 *(.fini)
 .fini          0x00082440        0x4 c:/program files (x86)/atmel/studio/7.0/toolchain/arm/arm-gnu-toolchain/bin/../lib/gcc/arm-none-eabi/6.3.1/thumb/v7-m/crti.o
                0x00082440                _fini
 .fini          0x00082444        0x8 c:/program files (x86)/atmel/studio/7.0/toolchain/arm/arm-gnu-toolchain/bin/../lib/gcc/arm-none-eabi/6.3.1/thumb/v7-m/crtn.o
                0x0008244c                . = ALIGN (0x4)
                0x0008244c                __fini_array_start = .
 *(.fini_array)
 .fini_array    0x0008244c        0x4 c:/program files (x86)/atmel/studio/7.0/toolchain/arm/arm-gnu-toolchain/bin/../lib/gcc/arm-none-eabi/6.3.1/thumb/v7-m/crtbegin.o
 *(SORT(.fini_array.*))
                0x00082450                __fini_array_end = .
 *crtbegin.o(.dtors)
 *(EXCLUDE_FILE(*crtend.o) .dtors)
 *(SORT(.dtors.*))
 *crtend.o(.dtors)
                0x00082450                . = ALIGN (0x4)
                0x00082450                _efixed = .
                [!provide]                PROVIDE (__exidx_start, .)

.vfp11_veneer   0x00082450        0x0
 .vfp11_veneer  0x00082450        0x0 linker stubs

.v4_bx          0x00082450        0x0
 .v4_bx         0x00082450        0x0 linker stubs

.iplt           0x00082450        0x0
 .iplt          0x00082450        0x0 c:/program files (x86)/atmel/studio/7.0/toolchain/arm/arm-gnu-toolchain/bin/../lib/gcc/arm-none-eabi/6.3.1/thumb/v7-m/crtbegin.o

.eh_frame       0x00082450        0x0
 .eh_frame      0x00082450        0x0 c:/program files (x86)/atmel/studio/7.0/toolchain/arm/arm-gnu-toolchain/bin/../lib/gcc/arm-none-eabi/6.3.1/thumb/v7-m/crtbegin.o

.rel.dyn        0x00082450        0x0
 .rel.iplt      0x00082450        0x0 c:/program files (x86)/atmel/studio/7.0/toolchain/arm/arm-gnu-toolchain/bin/../lib/gcc/arm-none-eabi/6.3.1/thumb/v7-m/crtbegin.o

.jcr            0x00082450        0x0
 .jcr           0x00082450        0x0 c:/program files (x86)/atmel/studio/7.0/toolchain/arm/arm-gnu-toolchain/bin/../lib/gcc/arm-none-eabi/6.3.1/thumb/v7-m/crtbegin.o

.igot.plt       0x00082450        0x0
 .igot.plt      0x00082450        0x0 c:/program files (x86)/atmel/studio/7.0/toolchain/arm/arm-gnu-toolchain/bin/../lib/gcc/arm-none-eabi/6.3.1/thumb/v7-m/crtbegin.o

.ARM.exidx
 *(.ARM.exidx* .gnu.linkonce.armexidx.*)
                [!provide]                PROVIDE (__exidx_end, .)
                0x00082450                . = ALIGN (0x4)
                0x00082450                _etext = .

.relocate       0x20000000      0x434 load address 0x00082450
                0x20000000                . = ALIGN (0x4)
                0x20000000                _srelocate = .
 *(.ramfunc .ramfunc.*)
 *(.data .data.*)
 .data          0x20000000        0x4 Device_Startup/system_sam3xa.o
                0x20000000                SystemCoreClock
 *fill*         0x20000004        0x4 
 .data.impure_data
                0x20000008      0x428 c:/program files (x86)/atmel/studio/7.0/toolchain/arm/arm-gnu-toolchain/bin/../lib/gcc/arm-none-eabi/6.3.1/../../../../arm-none-eabi/lib/thumb/v7-m\libc.a(lib_a-impure.o)
 .data.__atexit_recursive_mutex
                0x20000430        0x4 c:/program files (x86)/atmel/studio/7.0/toolchain/arm/arm-gnu-toolchain/bin/../lib/gcc/arm-none-eabi/6.3.1/../../../../arm-none-eabi/lib/thumb/v7-m\libc.a(lib_a-__call_atexit.o)
                0x20000430                __atexit_recursive_mutex
                0x20000434                . = ALIGN (0x4)
                0x20000434                _erelocate = .

.bss            0x20000434      0x128 load address 0x00082884
                0x20000434                . = ALIGN (0x4)
                0x20000434                _sbss = .
                0x20000434                _szero = .
 *(.bss .bss.*)
 .bss           0x20000434       0x1c c:/program files (x86)/atmel/studio/7.0/toolchain/arm/arm-gnu-toolchain/bin/../lib/gcc/arm-none-eabi/6.3.1/thumb/v7-m/crtbegin.o
 .bss           0x20000450        0x9 CAN/CAN.o
                0x20000450                valid_messages
                0x20000451                CAN_first_rx
                0x20000458                CAN_BUFFER_CTR
 *fill*         0x20000459        0x3 
 .bss           0x2000045c        0x8 Control/PID.o
 .bss           0x20000464        0x2 Control/Servo.o
                0x20000464                Servo_x_CAL
                0x20000465                Servo_y_CAL
 *fill*         0x20000466        0x2 
 .bss           0x20000468        0x8 main.o
                0x20000468                run
 *(COMMON)
 COMMON         0x20000470       0x60 CAN/CAN.o
                0x20000470                CAN_INPUT_BUFFER
 COMMON         0x200004d0        0xa CAN/msg_handler.o
                0x200004d0                position
                0x200004d6                Heartbeat
                0x200004d7                Goal
                0x200004d8                start
                0x200004d9                ready
 *fill*         0x200004da        0x2 
 COMMON         0x200004dc       0x18 Control/PID.o
                0x200004dc                PID
 COMMON         0x200004f4       0x42 Utility/UART.o
                0x200004f4                rx_buffer
 *fill*         0x20000536        0x2 
 COMMON         0x20000538       0x21 c:/program files (x86)/atmel/studio/7.0/toolchain/arm/arm-gnu-toolchain/bin/../lib/gcc/arm-none-eabi/6.3.1/../../../../arm-none-eabi/lib/thumb/v7-m\libc.a(lib_a-lock.o)
                0x20000538                __lock___atexit_recursive_mutex
                0x2000053c                __lock___arc4random_mutex
                0x20000540                __lock___env_recursive_mutex
                0x20000544                __lock___sinit_recursive_mutex
                0x20000548                __lock___malloc_recursive_mutex
                0x2000054c                __lock___at_quick_exit_mutex
                0x20000550                __lock___dd_hash_mutex
                0x20000554                __lock___tz_mutex
                0x20000558                __lock___sfp_recursive_mutex
                0x2000055c                . = ALIGN (0x4)
 *fill*         0x20000559        0x3 
                0x2000055c                _ebss = .
                0x2000055c                _ezero = .

.stack          0x2000055c      0x404 load address 0x000829ac
                0x20000560                . = ALIGN (0x8)
 *fill*         0x2000055c        0x4 
                0x20000560                _sstack = .
                0x20000960                . = (. + STACK_SIZE)
 *fill*         0x20000560      0x400 
                0x20000960                . = ALIGN (0x8)
                0x20000960                _estack = .

.heap           0x20000960      0x200 load address 0x00082db0
                0x20000960                . = ALIGN (0x8)
                0x20000960                _sheap = .
                0x20000b60                . = (. + HEAP_SIZE)
 *fill*         0x20000960      0x200 
                0x20000b60                . = ALIGN (0x8)
                0x20000b60                _eheap = .
                0x20000b60                . = ALIGN (0x4)
                0x20000b60                _end = .
                0x20017fff                _ram_end_ = ((ORIGIN (ram) + LENGTH (ram)) - 0x1)
OUTPUT(NODE2.elf elf32-littlearm)

.ARM.attributes
                0x00000000       0x29
 .ARM.attributes
                0x00000000       0x1d c:/program files (x86)/atmel/studio/7.0/toolchain/arm/arm-gnu-toolchain/bin/../lib/gcc/arm-none-eabi/6.3.1/thumb/v7-m/crti.o
 .ARM.attributes
                0x0000001d       0x2d c:/program files (x86)/atmel/studio/7.0/toolchain/arm/arm-gnu-toolchain/bin/../lib/gcc/arm-none-eabi/6.3.1/thumb/v7-m/crtbegin.o
 .ARM.attributes
                0x0000004a       0x33 Analog/ADC/ADC.o
 .ARM.attributes
                0x0000007d       0x33 Analog/DAC/DAC.o
 .ARM.attributes
                0x000000b0       0x33 CAN/CAN.o
 .ARM.attributes
                0x000000e3       0x33 CAN/CAN_controller.o
 .ARM.attributes
                0x00000116       0x33 CAN/CAN_interrupt.o
 .ARM.attributes
                0x00000149       0x33 CAN/msg_handler.o
 .ARM.attributes
                0x0000017c       0x33 Control/Motor.o
 .ARM.attributes
                0x000001af       0x33 Control/PID.o
 .ARM.attributes
                0x000001e2       0x33 Control/Servo.o
 .ARM.attributes
                0x00000215       0x33 Control/Solenoid.o
 .ARM.attributes
                0x00000248       0x33 Device_Startup/startup_sam3xa.o
 .ARM.attributes
                0x0000027b       0x33 Device_Startup/system_sam3xa.o
 .ARM.attributes
                0x000002ae       0x33 main.o
 .ARM.attributes
                0x000002e1       0x33 Utility/Delay.o
 .ARM.attributes
                0x00000314       0x33 Utility/printf-stdarg.o
 .ARM.attributes
                0x00000347       0x33 Utility/PWM.o
 .ARM.attributes
                0x0000037a       0x33 Utility/Timer.o
 .ARM.attributes
                0x000003ad       0x33 Utility/UART.o
 .ARM.attributes
                0x000003e0       0x1d c:/program files (x86)/atmel/studio/7.0/toolchain/arm/arm-gnu-toolchain/bin/../lib/gcc/arm-none-eabi/6.3.1/thumb/v7-m\libgcc.a(_arm_addsubdf3.o)
 .ARM.attributes
                0x000003fd       0x1d c:/program files (x86)/atmel/studio/7.0/toolchain/arm/arm-gnu-toolchain/bin/../lib/gcc/arm-none-eabi/6.3.1/thumb/v7-m\libgcc.a(_arm_muldivdf3.o)
 .ARM.attributes
                0x0000041a       0x1d c:/program files (x86)/atmel/studio/7.0/toolchain/arm/arm-gnu-toolchain/bin/../lib/gcc/arm-none-eabi/6.3.1/thumb/v7-m\libgcc.a(_arm_fixunsdfsi.o)
 .ARM.attributes
                0x00000437       0x1d c:/program files (x86)/atmel/studio/7.0/toolchain/arm/arm-gnu-toolchain/bin/../lib/gcc/arm-none-eabi/6.3.1/thumb/v7-m\libgcc.a(_arm_addsubsf3.o)
 .ARM.attributes
                0x00000454       0x1d c:/program files (x86)/atmel/studio/7.0/toolchain/arm/arm-gnu-toolchain/bin/../lib/gcc/arm-none-eabi/6.3.1/thumb/v7-m\libgcc.a(_arm_muldivsf3.o)
 .ARM.attributes
                0x00000471       0x1d c:/program files (x86)/atmel/studio/7.0/toolchain/arm/arm-gnu-toolchain/bin/../lib/gcc/arm-none-eabi/6.3.1/thumb/v7-m\libgcc.a(_arm_fixsfsi.o)
 .ARM.attributes
                0x0000048e       0x2d c:/program files (x86)/atmel/studio/7.0/toolchain/arm/arm-gnu-toolchain/bin/../lib/gcc/arm-none-eabi/6.3.1/../../../../arm-none-eabi/lib/thumb/v7-m\libc.a(lib_a-impure.o)
 .ARM.attributes
                0x000004bb       0x2d c:/program files (x86)/atmel/studio/7.0/toolchain/arm/arm-gnu-toolchain/bin/../lib/gcc/arm-none-eabi/6.3.1/../../../../arm-none-eabi/lib/thumb/v7-m\libc.a(lib_a-init.o)
 .ARM.attributes
                0x000004e8       0x2d c:/program files (x86)/atmel/studio/7.0/toolchain/arm/arm-gnu-toolchain/bin/../lib/gcc/arm-none-eabi/6.3.1/../../../../arm-none-eabi/lib/thumb/v7-m\libc.a(lib_a-__call_atexit.o)
 .ARM.attributes
                0x00000515       0x2d c:/program files (x86)/atmel/studio/7.0/toolchain/arm/arm-gnu-toolchain/bin/../lib/gcc/arm-none-eabi/6.3.1/../../../../arm-none-eabi/lib/thumb/v7-m\libc.a(lib_a-atexit.o)
 .ARM.attributes
                0x00000542       0x2d c:/program files (x86)/atmel/studio/7.0/toolchain/arm/arm-gnu-toolchain/bin/../lib/gcc/arm-none-eabi/6.3.1/../../../../arm-none-eabi/lib/thumb/v7-m\libc.a(lib_a-fini.o)
 .ARM.attributes
                0x0000056f       0x2d c:/program files (x86)/atmel/studio/7.0/toolchain/arm/arm-gnu-toolchain/bin/../lib/gcc/arm-none-eabi/6.3.1/../../../../arm-none-eabi/lib/thumb/v7-m\libc.a(lib_a-lock.o)
 .ARM.attributes
                0x0000059c       0x2d c:/program files (x86)/atmel/studio/7.0/toolchain/arm/arm-gnu-toolchain/bin/../lib/gcc/arm-none-eabi/6.3.1/../../../../arm-none-eabi/lib/thumb/v7-m\libc.a(lib_a-__atexit.o)
 .ARM.attributes
                0x000005c9       0x1d c:/program files (x86)/atmel/studio/7.0/toolchain/arm/arm-gnu-toolchain/bin/../lib/gcc/arm-none-eabi/6.3.1/thumb/v7-m/crtn.o

.comment        0x00000000       0x59
 .comment       0x00000000       0x59 Analog/ADC/ADC.o
                                 0x5a (size before relaxing)
 .comment       0x00000059       0x5a Analog/DAC/DAC.o
 .comment       0x00000059       0x5a CAN/CAN.o
 .comment       0x00000059       0x5a CAN/CAN_controller.o
 .comment       0x00000059       0x5a CAN/CAN_interrupt.o
 .comment       0x00000059       0x5a CAN/msg_handler.o
 .comment       0x00000059       0x5a Control/Motor.o
 .comment       0x00000059       0x5a Control/PID.o
 .comment       0x00000059       0x5a Control/Servo.o
 .comment       0x00000059       0x5a Control/Solenoid.o
 .comment       0x00000059       0x5a Device_Startup/startup_sam3xa.o
 .comment       0x00000059       0x5a Device_Startup/system_sam3xa.o
 .comment       0x00000059       0x5a main.o
 .comment       0x00000059       0x5a Utility/Delay.o
 .comment       0x00000059       0x5a Utility/printf-stdarg.o
 .comment       0x00000059       0x5a Utility/PWM.o
 .comment       0x00000059       0x5a Utility/Timer.o
 .comment       0x00000059       0x5a Utility/UART.o

.debug_info     0x00000000     0xc4d0
 .debug_info    0x00000000      0xf16 Analog/ADC/ADC.o
 .debug_info    0x00000f16      0x575 Analog/DAC/DAC.o
 .debug_info    0x0000148b      0x31c CAN/CAN.o
 .debug_info    0x000017a7      0xd5d CAN/CAN_controller.o
 .debug_info    0x00002504      0xf82 CAN/CAN_interrupt.o
 .debug_info    0x00003486      0xd0c CAN/msg_handler.o
 .debug_info    0x00004192     0x1410 Control/Motor.o
 .debug_info    0x000055a2      0xf1e Control/PID.o
 .debug_info    0x000064c0      0x3ef Control/Servo.o
 .debug_info    0x000068af      0xe1f Control/Solenoid.o
 .debug_info    0x000076ce      0x74e Device_Startup/startup_sam3xa.o
 .debug_info    0x00007e1c      0x444 Device_Startup/system_sam3xa.o
 .debug_info    0x00008260      0xb78 main.o
 .debug_info    0x00008dd8      0x1f4 Utility/Delay.o
 .debug_info    0x00008fcc      0x65f Utility/printf-stdarg.o
 .debug_info    0x0000962b      0xb86 Utility/PWM.o
 .debug_info    0x0000a1b1      0xe07 Utility/Timer.o
 .debug_info    0x0000afb8     0x1518 Utility/UART.o

.debug_abbrev   0x00000000     0x221c
 .debug_abbrev  0x00000000      0x1e9 Analog/ADC/ADC.o
 .debug_abbrev  0x000001e9       0xe8 Analog/DAC/DAC.o
 .debug_abbrev  0x000002d1      0x178 CAN/CAN.o
 .debug_abbrev  0x00000449      0x203 CAN/CAN_controller.o
 .debug_abbrev  0x0000064c      0x276 CAN/CAN_interrupt.o
 .debug_abbrev  0x000008c2      0x259 CAN/msg_handler.o
 .debug_abbrev  0x00000b1b      0x309 Control/Motor.o
 .debug_abbrev  0x00000e24      0x2f2 Control/PID.o
 .debug_abbrev  0x00001116      0x1a8 Control/Servo.o
 .debug_abbrev  0x000012be      0x1dc Control/Solenoid.o
 .debug_abbrev  0x0000149a      0x153 Device_Startup/startup_sam3xa.o
 .debug_abbrev  0x000015ed      0x102 Device_Startup/system_sam3xa.o
 .debug_abbrev  0x000016ef      0x1ed main.o
 .debug_abbrev  0x000018dc      0x125 Utility/Delay.o
 .debug_abbrev  0x00001a01      0x1e6 Utility/printf-stdarg.o
 .debug_abbrev  0x00001be7      0x104 Utility/PWM.o
 .debug_abbrev  0x00001ceb      0x271 Utility/Timer.o
 .debug_abbrev  0x00001f5c      0x2c0 Utility/UART.o

.debug_loc      0x00000000     0x1bfb
 .debug_loc     0x00000000       0x21 Analog/ADC/ADC.o
 .debug_loc     0x00000021      0x139 CAN/CAN.o
 .debug_loc     0x0000015a      0x309 CAN/CAN_controller.o
 .debug_loc     0x00000463       0x35 CAN/CAN_interrupt.o
 .debug_loc     0x00000498      0x12d CAN/msg_handler.o
 .debug_loc     0x000005c5      0x1e8 Control/Motor.o
 .debug_loc     0x000007ad      0x1f3 Control/PID.o
 .debug_loc     0x000009a0      0x292 Control/Servo.o
 .debug_loc     0x00000c32       0x60 Control/Solenoid.o
 .debug_loc     0x00000c92       0x6b Device_Startup/startup_sam3xa.o
 .debug_loc     0x00000cfd       0xa7 main.o
 .debug_loc     0x00000da4      0x111 Utility/Delay.o
 .debug_loc     0x00000eb5      0xb0a Utility/printf-stdarg.o
 .debug_loc     0x000019bf       0x6e Utility/PWM.o
 .debug_loc     0x00001a2d      0x100 Utility/Timer.o
 .debug_loc     0x00001b2d       0xce Utility/UART.o

.debug_aranges  0x00000000      0x3f0
 .debug_aranges
                0x00000000       0x28 Analog/ADC/ADC.o
 .debug_aranges
                0x00000028       0x28 Analog/DAC/DAC.o
 .debug_aranges
                0x00000050       0x38 CAN/CAN.o
 .debug_aranges
                0x00000088       0x38 CAN/CAN_controller.o
 .debug_aranges
                0x000000c0       0x20 CAN/CAN_interrupt.o
 .debug_aranges
                0x000000e0       0x30 CAN/msg_handler.o
 .debug_aranges
                0x00000110       0x68 Control/Motor.o
 .debug_aranges
                0x00000178       0x58 Control/PID.o
 .debug_aranges
                0x000001d0       0x48 Control/Servo.o
 .debug_aranges
                0x00000218       0x30 Control/Solenoid.o
 .debug_aranges
                0x00000248       0x28 Device_Startup/startup_sam3xa.o
 .debug_aranges
                0x00000270       0x30 Device_Startup/system_sam3xa.o
 .debug_aranges
                0x000002a0       0x38 main.o
 .debug_aranges
                0x000002d8       0x30 Utility/Delay.o
 .debug_aranges
                0x00000308       0x48 Utility/printf-stdarg.o
 .debug_aranges
                0x00000350       0x28 Utility/PWM.o
 .debug_aranges
                0x00000378       0x40 Utility/Timer.o
 .debug_aranges
                0x000003b8       0x38 Utility/UART.o

.debug_ranges   0x00000000      0x300
 .debug_ranges  0x00000000       0x18 Analog/ADC/ADC.o
 .debug_ranges  0x00000018       0x18 Analog/DAC/DAC.o
 .debug_ranges  0x00000030       0x28 CAN/CAN.o
 .debug_ranges  0x00000058       0x28 CAN/CAN_controller.o
 .debug_ranges  0x00000080       0x10 CAN/CAN_interrupt.o
 .debug_ranges  0x00000090       0x20 CAN/msg_handler.o
 .debug_ranges  0x000000b0       0x58 Control/Motor.o
 .debug_ranges  0x00000108       0x48 Control/PID.o
 .debug_ranges  0x00000150       0x38 Control/Servo.o
 .debug_ranges  0x00000188       0x20 Control/Solenoid.o
 .debug_ranges  0x000001a8       0x18 Device_Startup/startup_sam3xa.o
 .debug_ranges  0x000001c0       0x20 Device_Startup/system_sam3xa.o
 .debug_ranges  0x000001e0       0x28 main.o
 .debug_ranges  0x00000208       0x20 Utility/Delay.o
 .debug_ranges  0x00000228       0x68 Utility/printf-stdarg.o
 .debug_ranges  0x00000290       0x18 Utility/PWM.o
 .debug_ranges  0x000002a8       0x30 Utility/Timer.o
 .debug_ranges  0x000002d8       0x28 Utility/UART.o

.debug_macro    0x00000000    0x1533c
 .debug_macro   0x00000000      0x4a8 Analog/ADC/ADC.o
 .debug_macro   0x000004a8      0x8b0 Analog/ADC/ADC.o
 .debug_macro   0x00000d58       0x22 Analog/ADC/ADC.o
 .debug_macro   0x00000d7a       0x87 Analog/ADC/ADC.o
 .debug_macro   0x00000e01       0x51 Analog/ADC/ADC.o
 .debug_macro   0x00000e52       0xef Analog/ADC/ADC.o
 .debug_macro   0x00000f41       0x6a Analog/ADC/ADC.o
 .debug_macro   0x00000fab      0x1df Analog/ADC/ADC.o
 .debug_macro   0x0000118a       0x20 Analog/ADC/ADC.o
 .debug_macro   0x000011aa       0x28 Analog/ADC/ADC.o
 .debug_macro   0x000011d2       0x93 Analog/ADC/ADC.o
 .debug_macro   0x00001265      0xe18 Analog/ADC/ADC.o
 .debug_macro   0x0000207d      0xa7d Analog/ADC/ADC.o
 .debug_macro   0x00002afa      0x55a Analog/ADC/ADC.o
 .debug_macro   0x00003054      0x1a8 Analog/ADC/ADC.o
 .debug_macro   0x000031fc      0x30b Analog/ADC/ADC.o
 .debug_macro   0x00003507      0x709 Analog/ADC/ADC.o
 .debug_macro   0x00003c10       0xd6 Analog/ADC/ADC.o
 .debug_macro   0x00003ce6      0x56c Analog/ADC/ADC.o
 .debug_macro   0x00004252       0x1c Analog/ADC/ADC.o
 .debug_macro   0x0000426e      0x678 Analog/ADC/ADC.o
 .debug_macro   0x000048e6      0x51e Analog/ADC/ADC.o
 .debug_macro   0x00004e04       0xbe Analog/ADC/ADC.o
 .debug_macro   0x00004ec2     0x2333 Analog/ADC/ADC.o
 .debug_macro   0x000071f5      0x7d1 Analog/ADC/ADC.o
 .debug_macro   0x000079c6      0xdbb Analog/ADC/ADC.o
 .debug_macro   0x00008781       0x9a Analog/ADC/ADC.o
 .debug_macro   0x0000881b      0x29c Analog/ADC/ADC.o
 .debug_macro   0x00008ab7       0x58 Analog/ADC/ADC.o
 .debug_macro   0x00008b0f      0x999 Analog/ADC/ADC.o
 .debug_macro   0x000094a8      0x22d Analog/ADC/ADC.o
 .debug_macro   0x000096d5      0x4b4 Analog/ADC/ADC.o
 .debug_macro   0x00009b89      0x64a Analog/ADC/ADC.o
 .debug_macro   0x0000a1d3      0x590 Analog/ADC/ADC.o
 .debug_macro   0x0000a763       0x46 Analog/ADC/ADC.o
 .debug_macro   0x0000a7a9      0x33f Analog/ADC/ADC.o
 .debug_macro   0x0000aae8      0x27e Analog/ADC/ADC.o
 .debug_macro   0x0000ad66     0x14dc Analog/ADC/ADC.o
 .debug_macro   0x0000c242      0x7cf Analog/ADC/ADC.o
 .debug_macro   0x0000ca11       0x76 Analog/ADC/ADC.o
 .debug_macro   0x0000ca87       0x82 Analog/ADC/ADC.o
 .debug_macro   0x0000cb09       0x76 Analog/ADC/ADC.o
 .debug_macro   0x0000cb7f       0x4c Analog/ADC/ADC.o
 .debug_macro   0x0000cbcb      0x100 Analog/ADC/ADC.o
 .debug_macro   0x0000cccb      0x100 Analog/ADC/ADC.o
 .debug_macro   0x0000cdcb      0x100 Analog/ADC/ADC.o
 .debug_macro   0x0000cecb       0x88 Analog/ADC/ADC.o
 .debug_macro   0x0000cf53       0x88 Analog/ADC/ADC.o
 .debug_macro   0x0000cfdb      0x3b4 Analog/ADC/ADC.o
 .debug_macro   0x0000d38f       0xbe Analog/ADC/ADC.o
 .debug_macro   0x0000d44d       0xbe Analog/ADC/ADC.o
 .debug_macro   0x0000d50b       0xbe Analog/ADC/ADC.o
 .debug_macro   0x0000d5c9       0xbe Analog/ADC/ADC.o
 .debug_macro   0x0000d687      0x2b8 Analog/ADC/ADC.o
 .debug_macro   0x0000d93f      0x118 Analog/ADC/ADC.o
 .debug_macro   0x0000da57      0x216 Analog/ADC/ADC.o
 .debug_macro   0x0000dc6d      0x216 Analog/ADC/ADC.o
 .debug_macro   0x0000de83       0x2e Analog/ADC/ADC.o
 .debug_macro   0x0000deb1       0xac Analog/ADC/ADC.o
 .debug_macro   0x0000df5d      0x13e Analog/ADC/ADC.o
 .debug_macro   0x0000e09b       0x7c Analog/ADC/ADC.o
 .debug_macro   0x0000e117      0x1f6 Analog/ADC/ADC.o
 .debug_macro   0x0000e30d       0x64 Analog/ADC/ADC.o
 .debug_macro   0x0000e371       0xa6 Analog/ADC/ADC.o
 .debug_macro   0x0000e417       0x7c Analog/ADC/ADC.o
 .debug_macro   0x0000e493       0x16 Analog/ADC/ADC.o
 .debug_macro   0x0000e4a9       0x22 Analog/ADC/ADC.o
 .debug_macro   0x0000e4cb       0x22 Analog/ADC/ADC.o
 .debug_macro   0x0000e4ed      0x10c Analog/ADC/ADC.o
 .debug_macro   0x0000e5f9      0x10c Analog/ADC/ADC.o
 .debug_macro   0x0000e705      0x10c Analog/ADC/ADC.o
 .debug_macro   0x0000e811      0x10c Analog/ADC/ADC.o
 .debug_macro   0x0000e91d       0x1c Analog/ADC/ADC.o
 .debug_macro   0x0000e939       0x2e Analog/ADC/ADC.o
 .debug_macro   0x0000e967       0x22 Analog/ADC/ADC.o
 .debug_macro   0x0000e989       0x1c Analog/ADC/ADC.o
 .debug_macro   0x0000e9a5       0x58 Analog/ADC/ADC.o
 .debug_macro   0x0000e9fd       0x10 Analog/ADC/ADC.o
 .debug_macro   0x0000ea0d      0x27a Analog/ADC/ADC.o
 .debug_macro   0x0000ec87      0xd34 Analog/ADC/ADC.o
 .debug_macro   0x0000f9bb      0x170 Analog/ADC/ADC.o
 .debug_macro   0x0000fb2b       0x58 Analog/ADC/ADC.o
 .debug_macro   0x0000fb83       0x35 Analog/ADC/ADC.o
 .debug_macro   0x0000fbb8       0x9c Analog/ADC/ADC.o
 .debug_macro   0x0000fc54       0x16 Analog/ADC/ADC.o
 .debug_macro   0x0000fc6a       0x97 Analog/ADC/ADC.o
 .debug_macro   0x0000fd01      0x353 Analog/ADC/ADC.o
 .debug_macro   0x00010054       0xf6 Analog/ADC/ADC.o
 .debug_macro   0x0001014a       0x10 Analog/ADC/ADC.o
 .debug_macro   0x0001015a       0x58 Analog/ADC/ADC.o
 .debug_macro   0x000101b2       0x1f Analog/ADC/ADC.o
 .debug_macro   0x000101d1       0x43 Analog/ADC/ADC.o
 .debug_macro   0x00010214       0x20 Analog/ADC/ADC.o
 .debug_macro   0x00010234      0x187 Analog/ADC/ADC.o
 .debug_macro   0x000103bb       0x10 Analog/ADC/ADC.o
 .debug_macro   0x000103cb       0x1c Analog/ADC/ADC.o
 .debug_macro   0x000103e7       0x52 Analog/ADC/ADC.o
 .debug_macro   0x00010439       0x40 Analog/ADC/ADC.o
 .debug_macro   0x00010479       0x10 Analog/ADC/ADC.o
 .debug_macro   0x00010489       0x40 Analog/ADC/ADC.o
 .debug_macro   0x000104c9       0xd7 Analog/ADC/ADC.o
 .debug_macro   0x000105a0       0x16 Analog/ADC/ADC.o
 .debug_macro   0x000105b6      0x18b Analog/ADC/ADC.o
 .debug_macro   0x00010741       0x70 Analog/ADC/ADC.o
 .debug_macro   0x000107b1      0x35b Analog/DAC/DAC.o
 .debug_macro   0x00010b0c      0x3e9 CAN/CAN.o
 .debug_macro   0x00010ef5       0x26 CAN/CAN.o
 .debug_macro   0x00010f1b       0x1c CAN/CAN.o
 .debug_macro   0x00010f37       0xd6 CAN/CAN.o
 .debug_macro   0x0001100d       0x10 CAN/CAN.o
 .debug_macro   0x0001101d       0x22 CAN/CAN.o
 .debug_macro   0x0001103f      0x35f CAN/CAN_controller.o
 .debug_macro   0x0001139e      0x4db CAN/CAN_interrupt.o
 .debug_macro   0x00011879       0x52 CAN/CAN_interrupt.o
 .debug_macro   0x000118cb       0x8d CAN/CAN_interrupt.o
 .debug_macro   0x00011958       0x57 CAN/CAN_interrupt.o
 .debug_macro   0x000119af      0x513 CAN/msg_handler.o
 .debug_macro   0x00011ec2      0x523 Control/Motor.o
 .debug_macro   0x000123e5       0x58 Control/Motor.o
 .debug_macro   0x0001243d      0x1e1 Control/Motor.o
 .debug_macro   0x0001261e      0x578 Control/PID.o
 .debug_macro   0x00012b96       0x16 Control/PID.o
 .debug_macro   0x00012bac      0x10e Control/PID.o
 .debug_macro   0x00012cba       0x86 Control/PID.o
 .debug_macro   0x00012d40       0x16 Control/PID.o
 .debug_macro   0x00012d56       0x29 Control/PID.o
 .debug_macro   0x00012d7f       0x16 Control/PID.o
 .debug_macro   0x00012d95       0x35 Control/PID.o
 .debug_macro   0x00012dca       0x1c Control/PID.o
 .debug_macro   0x00012de6       0x5e Control/PID.o
 .debug_macro   0x00012e44      0x3ad Control/Servo.o
 .debug_macro   0x000131f1      0x50e Control/Solenoid.o
 .debug_macro   0x000136ff       0x58 Control/Solenoid.o
 .debug_macro   0x00013757      0x351 Device_Startup/startup_sam3xa.o
 .debug_macro   0x00013aa8      0x363 Device_Startup/system_sam3xa.o
 .debug_macro   0x00013e0b      0x43b main.o
 .debug_macro   0x00014246      0x35b Utility/Delay.o
 .debug_macro   0x000145a1       0x8e Utility/printf-stdarg.o
 .debug_macro   0x0001462f       0x58 Utility/printf-stdarg.o
 .debug_macro   0x00014687      0x35b Utility/PWM.o
 .debug_macro   0x000149e2      0x4a8 Utility/Timer.o
 .debug_macro   0x00014e8a      0x4a2 Utility/UART.o
 .debug_macro   0x0001532c       0x10 Utility/UART.o

.debug_line     0x00000000     0x8d69
 .debug_line    0x00000000      0x805 Analog/ADC/ADC.o
 .debug_line    0x00000805      0x6e6 Analog/DAC/DAC.o
 .debug_line    0x00000eeb      0x7b9 CAN/CAN.o
 .debug_line    0x000016a4      0x7c8 CAN/CAN_controller.o
 .debug_line    0x00001e6c      0x87e CAN/CAN_interrupt.o
 .debug_line    0x000026ea      0x8ec CAN/msg_handler.o
 .debug_line    0x00002fd6      0x978 Control/Motor.o
 .debug_line    0x0000394e      0x979 Control/PID.o
 .debug_line    0x000042c7      0x7b8 Control/Servo.o
 .debug_line    0x00004a7f      0x8e6 Control/Solenoid.o
 .debug_line    0x00005365      0x6fe Device_Startup/startup_sam3xa.o
 .debug_line    0x00005a63      0x774 Device_Startup/system_sam3xa.o
 .debug_line    0x000061d7      0x8df main.o
 .debug_line    0x00006ab6      0x721 Utility/Delay.o
 .debug_line    0x000071d7      0x3c3 Utility/printf-stdarg.o
 .debug_line    0x0000759a      0x6f6 Utility/PWM.o
 .debug_line    0x00007c90      0x873 Utility/Timer.o
 .debug_line    0x00008503      0x866 Utility/UART.o

.debug_str      0x00000000    0x5597a
 .debug_str     0x00000000    0x5332b Analog/ADC/ADC.o
                              0x535ae (size before relaxing)
 .debug_str     0x0005332b       0xe6 Analog/DAC/DAC.o
                              0x4f30f (size before relaxing)
 .debug_str     0x00053411      0x53e CAN/CAN.o
                              0x4f64e (size before relaxing)
 .debug_str     0x0005394f      0x57e CAN/CAN_controller.o
                              0x4f836 (size before relaxing)
 .debug_str     0x00053ecd       0x4c CAN/CAN_interrupt.o
                              0x536a2 (size before relaxing)
 .debug_str     0x00053f19       0xa0 CAN/msg_handler.o
                              0x536de (size before relaxing)
 .debug_str     0x00053fb9      0xa68 Control/Motor.o
                              0x543aa (size before relaxing)
 .debug_str     0x00054a21      0x1e5 Control/PID.o
                              0x5424d (size before relaxing)
 .debug_str     0x00054c06       0xc1 Control/Servo.o
                              0x4f5b4 (size before relaxing)
 .debug_str     0x00054cc7       0x5b Control/Solenoid.o
                              0x53907 (size before relaxing)
 .debug_str     0x00054d22      0x506 Device_Startup/startup_sam3xa.o
                              0x4f615 (size before relaxing)
 .debug_str     0x00055228      0x195 Device_Startup/system_sam3xa.o
                              0x4f3a8 (size before relaxing)
 .debug_str     0x000553bd       0xdc main.o
                              0x4fc50 (size before relaxing)
 .debug_str     0x00055499       0x40 Utility/Delay.o
                              0x4f140 (size before relaxing)
 .debug_str     0x000554d9      0x180 Utility/printf-stdarg.o
                               0x363c (size before relaxing)
 .debug_str     0x00055659      0x1f7 Utility/PWM.o
                              0x4f60a (size before relaxing)
 .debug_str     0x00055850       0x21 Utility/Timer.o
                              0x5353a (size before relaxing)
 .debug_str     0x00055871      0x109 Utility/UART.o
                              0x5391d (size before relaxing)

.debug_frame    0x00000000      0xb88
 .debug_frame   0x00000000       0x30 Analog/ADC/ADC.o
 .debug_frame   0x00000030       0x30 Analog/DAC/DAC.o
 .debug_frame   0x00000060       0x70 CAN/CAN.o
 .debug_frame   0x000000d0       0x80 CAN/CAN_controller.o
 .debug_frame   0x00000150       0x2c CAN/CAN_interrupt.o
 .debug_frame   0x0000017c       0x64 CAN/msg_handler.o
 .debug_frame   0x000001e0       0xf8 Control/Motor.o
 .debug_frame   0x000002d8       0xd8 Control/PID.o
 .debug_frame   0x000003b0       0x9c Control/Servo.o
 .debug_frame   0x0000044c       0x58 Control/Solenoid.o
 .debug_frame   0x000004a4       0x38 Device_Startup/startup_sam3xa.o
 .debug_frame   0x000004dc       0x40 Device_Startup/system_sam3xa.o
 .debug_frame   0x0000051c       0x6c main.o
 .debug_frame   0x00000588       0x54 Utility/Delay.o
 .debug_frame   0x000005dc      0x118 Utility/printf-stdarg.o
 .debug_frame   0x000006f4       0x3c Utility/PWM.o
 .debug_frame   0x00000730       0x78 Utility/Timer.o
 .debug_frame   0x000007a8       0x58 Utility/UART.o
 .debug_frame   0x00000800       0xac c:/program files (x86)/atmel/studio/7.0/toolchain/arm/arm-gnu-toolchain/bin/../lib/gcc/arm-none-eabi/6.3.1/thumb/v7-m\libgcc.a(_arm_addsubdf3.o)
 .debug_frame   0x000008ac       0x50 c:/program files (x86)/atmel/studio/7.0/toolchain/arm/arm-gnu-toolchain/bin/../lib/gcc/arm-none-eabi/6.3.1/thumb/v7-m\libgcc.a(_arm_muldivdf3.o)
 .debug_frame   0x000008fc       0x24 c:/program files (x86)/atmel/studio/7.0/toolchain/arm/arm-gnu-toolchain/bin/../lib/gcc/arm-none-eabi/6.3.1/thumb/v7-m\libgcc.a(_arm_fixunsdfsi.o)
 .debug_frame   0x00000920       0x4c c:/program files (x86)/atmel/studio/7.0/toolchain/arm/arm-gnu-toolchain/bin/../lib/gcc/arm-none-eabi/6.3.1/thumb/v7-m\libgcc.a(_arm_addsubsf3.o)
 .debug_frame   0x0000096c       0x38 c:/program files (x86)/atmel/studio/7.0/toolchain/arm/arm-gnu-toolchain/bin/../lib/gcc/arm-none-eabi/6.3.1/thumb/v7-m\libgcc.a(_arm_muldivsf3.o)
 .debug_frame   0x000009a4       0x24 c:/program files (x86)/atmel/studio/7.0/toolchain/arm/arm-gnu-toolchain/bin/../lib/gcc/arm-none-eabi/6.3.1/thumb/v7-m\libgcc.a(_arm_fixsfsi.o)
 .debug_frame   0x000009c8       0x2c c:/program files (x86)/atmel/studio/7.0/toolchain/arm/arm-gnu-toolchain/bin/../lib/gcc/arm-none-eabi/6.3.1/../../../../arm-none-eabi/lib/thumb/v7-m\libc.a(lib_a-init.o)
 .debug_frame   0x000009f4       0x5c c:/program files (x86)/atmel/studio/7.0/toolchain/arm/arm-gnu-toolchain/bin/../lib/gcc/arm-none-eabi/6.3.1/../../../../arm-none-eabi/lib/thumb/v7-m\libc.a(lib_a-__call_atexit.o)
 .debug_frame   0x00000a50       0x20 c:/program files (x86)/atmel/studio/7.0/toolchain/arm/arm-gnu-toolchain/bin/../lib/gcc/arm-none-eabi/6.3.1/../../../../arm-none-eabi/lib/thumb/v7-m\libc.a(lib_a-atexit.o)
 .debug_frame   0x00000a70       0x34 c:/program files (x86)/atmel/studio/7.0/toolchain/arm/arm-gnu-toolchain/bin/../lib/gcc/arm-none-eabi/6.3.1/../../../../arm-none-eabi/lib/thumb/v7-m\libc.a(lib_a-fini.o)
 .debug_frame   0x00000aa4       0xb0 c:/program files (x86)/atmel/studio/7.0/toolchain/arm/arm-gnu-toolchain/bin/../lib/gcc/arm-none-eabi/6.3.1/../../../../arm-none-eabi/lib/thumb/v7-m\libc.a(lib_a-lock.o)
 .debug_frame   0x00000b54       0x34 c:/program files (x86)/atmel/studio/7.0/toolchain/arm/arm-gnu-toolchain/bin/../lib/gcc/arm-none-eabi/6.3.1/../../../../arm-none-eabi/lib/thumb/v7-m\libc.a(lib_a-__atexit.o)
